<html>
<body>
<pre>
<h1>µVision Build Log</h1>
<h2>Tool Versions:</h2>
IDE-Version: ¦ÌVision V5.21.1.0
Copyright (C) 2016 ARM Ltd and ARM Germany GmbH. All rights reserved.
License Information: zw Microsoft, Microsoft, LIC=YA3TG-VX6YU-8RSXR-KHX9Y-3ETBC-6BHJD
 
Tool Versions:
Toolchain:       MDK-ARM Plus  Version: 5.21a
Toolchain Path:  D:\EOS_APPInstallfile\Keil5_Installfile\ARM\ARMCC\Bin
C Compiler:      Armcc.exe V5.06 update 3 (build 300)
Assembler:       Armasm.exe V5.06 update 3 (build 300)
Linker/Locator:  ArmLink.exe V5.06 update 3 (build 300)
Library Manager: ArmAr.exe V5.06 update 3 (build 300)
Hex Converter:   FromElf.exe V5.06 update 3 (build 300)
CPU DLL:         SARMCM3.DLL V5.21a
Dialog DLL:       TARMSTM.DL
Target DLL:      Segger\JL2CM3.dll V2.99.23.0
Dialog DLL:       TARMSTM.DL
 
<h2>Project:</h2>
D:\Project\Keil-Project\Driver-PathZW\LC05\LC05-version-0.0\USER\UART_Printf.uvprojx
Project File Date:  01/06/2018

<h2>Output:</h2>
*** Using Compiler 'V5.06 update 3 (build 300)', folder: 'D:\EOS_APPInstallfile\Keil5_Installfile\ARM\ARMCC\Bin'
Build target 'LC05-Driver'
compiling sys_uart.c...
linking...
Program Size: Code=5272 RO-data=336 RW-data=40 ZI-data=3872  
"..\OBJ\UART_Printf.axf" - 0 Error(s), 0 Warning(s).

<h2>Collection of Component include folders:</h2>
  D:\Project\Keil-Project\Driver-PathZW\LC05\LC05-version-0.0\USER\RTE
  D:\EOS_APPInstallfile\Keil5_Installfile\ARM\PACK\Keil\STM32F1xx_DFP\1.0.5\Device\Include

<h2>Collection of Component Files used:</h2>
Build Time Elapsed:  00:00:01
</pre>
</body>
</html>
