Component: ARM Compiler 5.06 update 3 (build 300) Tool: armlink [4d35c9]

==============================================================================

Section Cross References

    main.o(i.main) refers to sys_function.o(i.BSP_Init) for BSP_Init
    main.o(i.main) refers to sys_function.o(i.Protocols_ON_OFF_Driver) for Protocols_ON_OFF_Driver
    main.o(i.main) refers to sys_function.o(i.Protocols_Read_VolCur) for Protocols_Read_VolCur
    main.o(i.main) refers to sys_function.o(i.Protocols_Change_BacklightCur) for Protocols_Change_BacklightCur
    main.o(i.main) refers to sys_function.o(i.Protocols_Analysis_1K_Parameter) for Protocols_Analysis_1K_Parameter
    main.o(i.main) refers to sys_function.o(i.Protocols_ReadSoftwear_Version) for Protocols_ReadSoftwear_Version
    main.o(i.main) refers to sys_function.o(i.Protocols_ReadHardware_Version) for Protocols_ReadHardware_Version
    main.o(i.main) refers to sys_function.o(i.Start_Output) for Start_Output
    main.o(i.main) refers to sys_function.o(i.Stop_Output) for Stop_Output
    main.o(i.main) refers to sys_function.o(i.Protect_OVP) for Protect_OVP
    main.o(i.main) refers to sys_function.o(i.LED_VoltageCurrentDetection) for LED_VoltageCurrentDetection
    main.o(i.main) refers to sys_function.o(i.LED_ChannelDetection) for LED_ChannelDetection
    main.o(i.main) refers to sys_function.o(i.Thermistor_Detection) for Thermistor_Detection
    main.o(i.main) refers to sys_function.o(i.Protect_Channel) for Protect_Channel
    main.o(i.main) refers to sys_function.o(i.Protect_EmptyLoad) for Protect_EmptyLoad
    main.o(i.main) refers to sys_function.o(i.Protect_VF) for Protect_VF
    main.o(i.main) refers to sys_function.o(i.Protect_UVP) for Protect_UVP
    main.o(i.main) refers to sys_function.o(i.Protect_OverPower) for Protect_OverPower
    main.o(i.main) refers to sys_uart.o(.data) for run_flag
    main.o(i.main) refers to sys_uart.o(.bss) for recept_data
    main.o(i.main) refers to main.o(.bss) for recept_data_target
    main.o(i.main) refers to main.o(.data) for timer_protect_flag
    main.o(i.main) refers to sys_function.o(.data) for led_protect_flag1
    system_stm32f10x.o(i.SetSysClock) refers to system_stm32f10x.o(i.SetSysClockTo72) for SetSysClockTo72
    system_stm32f10x.o(i.SystemCoreClockUpdate) refers to system_stm32f10x.o(.data) for SystemCoreClock
    system_stm32f10x.o(i.SystemInit) refers to system_stm32f10x.o(i.SetSysClock) for SetSysClock
    sys_function.o(i.BSP_Init) refers to system_stm32f10x.o(i.SystemInit) for SystemInit
    sys_function.o(i.BSP_Init) refers to delay.o(i.delay_init) for delay_init
    sys_function.o(i.BSP_Init) refers to sys_uart.o(i.USART1_Init_Config) for USART1_Init_Config
    sys_function.o(i.BSP_Init) refers to sys_uart.o(i.USART2_Init_Config) for USART2_Init_Config
    sys_function.o(i.BSP_Init) refers to sys_function.o(i.GPIO_Init_Config) for GPIO_Init_Config
    sys_function.o(i.BSP_Init) refers to 74hc595.o(i.HC595_GPIO_Init) for HC595_GPIO_Init
    sys_function.o(i.BSP_Init) refers to 74hc595.o(i.CD4051_GPIO_Init) for CD4051_GPIO_Init
    sys_function.o(i.BSP_Init) refers to adc.o(i.ADC_DMA_InitConfig) for ADC_DMA_InitConfig
    sys_function.o(i.BSP_Init) refers to dac.o(i.DAC_Init_Config) for DAC_Init_Config
    sys_function.o(i.BSP_Init) refers to dac.o(i.DAC_Start_Init) for DAC_Start_Init
    sys_function.o(i.BSP_Init) refers to sys_function.o(i.StartValue_Init) for StartValue_Init
    sys_function.o(i.BSP_Init) refers to sys_timer.o(i.TIM3_Int_Init) for TIM3_Int_Init
    sys_function.o(i.BSP_Init) refers to sys_timer.o(i.TIM3_DISABLE) for TIM3_DISABLE
    sys_function.o(i.GPIO_Init_Config) refers to stm32f10x_rcc.o(i.RCC_APB2PeriphClockCmd) for RCC_APB2PeriphClockCmd
    sys_function.o(i.GPIO_Init_Config) refers to stm32f10x_gpio.o(i.GPIO_Init) for GPIO_Init
    sys_function.o(i.Hot_Plug) refers to stm32f10x_gpio.o(i.GPIO_ReadInputDataBit) for GPIO_ReadInputDataBit
    sys_function.o(i.Hot_Plug) refers to sys_function.o(i.Power_OFF1) for Power_OFF1
    sys_function.o(i.Hot_Plug) refers to sys_function.o(i.Power_OFF2) for Power_OFF2
    sys_function.o(i.Hot_Plug) refers to sys_function.o(.bss) for set_parameter
    sys_function.o(i.Hot_Plug) refers to sys_function.o(.data) for led_protect_flag1
    sys_function.o(i.LED_ChannelDetection) refers to sys_function.o(.data) for port_channel_temp1
    sys_function.o(i.LED_ChannelDetection) refers to sys_function.o(.bss) for led_negative_voltage1
    sys_function.o(i.LED_VoltageCurrentDetection) refers to rt_memclr_w.o(.text) for __aeabi_memclr4
    sys_function.o(i.LED_VoltageCurrentDetection) refers to adc.o(i.AcquireAverage_AD) for AcquireAverage_AD
    sys_function.o(i.LED_VoltageCurrentDetection) refers to delay.o(i.delay_ms) for delay_ms
    sys_function.o(i.LED_VoltageCurrentDetection) refers to 74hc595.o(i.CD4051_ChannelSet1) for CD4051_ChannelSet1
[...]
    ../clib/signal.c                         0x00000000   Number         0  defsig_fpe_inner.o ABSOLUTE
    ../clib/signal.c                         0x00000000   Number         0  defsig_rtred_inner.o ABSOLUTE
    ../clib/signal.c                         0x00000000   Number         0  __raise.o ABSOLUTE
    ../clib/signal.c                         0x00000000   Number         0  defsig_stak_inner.o ABSOLUTE
    ../clib/signal.c                         0x00000000   Number         0  defsig_pvfn_inner.o ABSOLUTE
    ../clib/signal.c                         0x00000000   Number         0  defsig_cppl_inner.o ABSOLUTE
    ../clib/signal.c                         0x00000000   Number         0  defsig_other.o ABSOLUTE
    ../clib/signal.c                         0x00000000   Number         0  defsig_segv_inner.o ABSOLUTE
    ../clib/signal.s                         0x00000000   Number         0  defsig.o ABSOLUTE
    ../clib/stdio.c                          0x00000000   Number         0  ferror_locked.o ABSOLUTE
    ../clib/stdio.c                          0x00000000   Number         0  ferror.o ABSOLUTE
    ../clib/stdlib.c                         0x00000000   Number         0  exit.o ABSOLUTE
    ../fplib/d2f.s                           0x00000000   Number         0  d2f.o ABSOLUTE
    ../fplib/dcmpi.s                         0x00000000   Number         0  dcmpi.o ABSOLUTE
    ../fplib/ddiv.s                          0x00000000   Number         0  ddiv.o ABSOLUTE
    ../fplib/dfixu.s                         0x00000000   Number         0  dfixu.o ABSOLUTE
    ../fplib/dflt.s                          0x00000000   Number         0  dflt_clz.o ABSOLUTE
    ../fplib/dleqf.s                         0x00000000   Number         0  dleqf.o ABSOLUTE
    ../fplib/dmul.s                          0x00000000   Number         0  dmul.o ABSOLUTE
    ../fplib/dnaninf.s                       0x00000000   Number         0  dnaninf.o ABSOLUTE
    ../fplib/dretinf.s                       0x00000000   Number         0  dretinf.o ABSOLUTE
    ../fplib/drleqf.s                        0x00000000   Number         0  drleqf.o ABSOLUTE
    ../fplib/f2d.s                           0x00000000   Number         0  f2d.o ABSOLUTE
    ../fplib/faddsub.s                       0x00000000   Number         0  faddsub_clz.o ABSOLUTE
    ../fplib/fdiv.s                          0x00000000   Number         0  fdiv.o ABSOLUTE
    ../fplib/ffixu.s                         0x00000000   Number         0  ffixu.o ABSOLUTE
    ../fplib/fflt.s                          0x00000000   Number         0  fflt_clz.o ABSOLUTE
    ../fplib/fmul.s                          0x00000000   Number         0  fmul.o ABSOLUTE
    ../fplib/fnaninf.s                       0x00000000   Number         0  fnaninf.o ABSOLUTE
    ../fplib/fpinit.s                        0x00000000   Number         0  fpinit.o ABSOLUTE
    ../fplib/fretinf.s                       0x00000000   Number         0  fretinf.o ABSOLUTE
    ../fplib/usenofp.s                       0x00000000   Number         0  usenofp.o ABSOLUTE
    ..\CORE\core_cm3.c                       0x00000000   Number         0  core_cm3.o ABSOLUTE
    ..\CORE\startup_stm32f10x_hd.s           0x00000000   Number         0  startup_stm32f10x_hd.o ABSOLUTE
    ..\DRIVER\74HC595\74hc595.c              0x00000000   Number         0  74hc595.o ABSOLUTE
    ..\DRIVER\ADC\adc.c                      0x00000000   Number         0  adc.o ABSOLUTE
    ..\DRIVER\DAC\dac.c                      0x00000000   Number         0  dac.o ABSOLUTE
    ..\DRIVER\TIMER\sys_timer.c              0x00000000   Number         0  sys_timer.o ABSOLUTE
    ..\DRIVER\UART\sys_uart.c                0x00000000   Number         0  sys_uart.o ABSOLUTE
    ..\STM32F10x_FWLib\src\misc.c            0x00000000   Number         0  misc.o ABSOLUTE
    ..\STM32F10x_FWLib\src\stm32f10x_adc.c   0x00000000   Number         0  stm32f10x_adc.o ABSOLUTE
    ..\STM32F10x_FWLib\src\stm32f10x_bkp.c   0x00000000   Number         0  stm32f10x_bkp.o ABSOLUTE
    ..\STM32F10x_FWLib\src\stm32f10x_can.c   0x00000000   Number         0  stm32f10x_can.o ABSOLUTE
    ..\STM32F10x_FWLib\src\stm32f10x_cec.c   0x00000000   Number         0  stm32f10x_cec.o ABSOLUTE
    ..\STM32F10x_FWLib\src\stm32f10x_crc.c   0x00000000   Number         0  stm32f10x_crc.o ABSOLUTE
    ..\STM32F10x_FWLib\src\stm32f10x_dac.c   0x00000000   Number         0  stm32f10x_dac.o ABSOLUTE
    ..\STM32F10x_FWLib\src\stm32f10x_dbgmcu.c 0x00000000   Number         0  stm32f10x_dbgmcu.o ABSOLUTE
    ..\STM32F10x_FWLib\src\stm32f10x_dma.c   0x00000000   Number         0  stm32f10x_dma.o ABSOLUTE
    ..\STM32F10x_FWLib\src\stm32f10x_exti.c  0x00000000   Number         0  stm32f10x_exti.o ABSOLUTE
    ..\STM32F10x_FWLib\src\stm32f10x_flash.c 0x00000000   Number         0  stm32f10x_flash.o ABSOLUTE
    ..\STM32F10x_FWLib\src\stm32f10x_fsmc.c  0x00000000   Number         0  stm32f10x_fsmc.o ABSOLUTE
    ..\STM32F10x_FWLib\src\stm32f10x_gpio.c  0x00000000   Number         0  stm32f10x_gpio.o ABSOLUTE
    ..\STM32F10x_FWLib\src\stm32f10x_i2c.c   0x00000000   Number         0  stm32f10x_i2c.o ABSOLUTE
    ..\STM32F10x_FWLib\src\stm32f10x_iwdg.c  0x00000000   Number         0  stm32f10x_iwdg.o ABSOLUTE
    ..\STM32F10x_FWLib\src\stm32f10x_pwr.c   0x00000000   Number         0  stm32f10x_pwr.o ABSOLUTE
    ..\STM32F10x_FWLib\src\stm32f10x_rcc.c   0x00000000   Number         0  stm32f10x_rcc.o ABSOLUTE
    ..\STM32F10x_FWLib\src\stm32f10x_rtc.c   0x00000000   Number         0  stm32f10x_rtc.o ABSOLUTE
    ..\STM32F10x_FWLib\src\stm32f10x_sdio.c  0x00000000   Number         0  stm32f10x_sdio.o ABSOLUTE
    ..\STM32F10x_FWLib\src\stm32f10x_spi.c   0x00000000   Number         0  stm32f10x_spi.o ABSOLUTE
    ..\STM32F10x_FWLib\src\stm32f10x_tim.c   0x00000000   Number         0  stm32f10x_tim.o ABSOLUTE
    ..\STM32F10x_FWLib\src\stm32f10x_usart.c 0x00000000   Number         0  stm32f10x_usart.o ABSOLUTE
    ..\STM32F10x_FWLib\src\stm32f10x_wwdg.c  0x00000000   Number         0  stm32f10x_wwdg.o ABSOLUTE
    ..\SYSTEM\delay\delay.c                  0x00000000   Number         0  delay.o ABSOLUTE
    ..\SYSTEM\sys\sys.c                      0x00000000   Number         0  sys.o ABSOLUTE
    ..\\CORE\\core_cm3.c                     0x00000000   Number         0  core_cm3.o ABSOLUTE
    ..\\SYSTEM\\sys\\sys.c                   0x00000000   Number         0  sys.o ABSOLUTE
    dc.s                                     0x00000000   Number         0  dc.o ABSOLUTE
    main.c                                   0x00000000   Number         0  main.o ABSOLUTE
    stm32f10x_it.c                           0x00000000   Number         0  stm32f10x_it.o ABSOLUTE
    sys_function.c                           0x00000000   Number         0  sys_function.o ABSOLUTE
    system_stm32f10x.c                       0x00000000   Number         0  system_stm32f10x.o ABSOLUTE
    RESET                                    0x08000000   Section      304  startup_stm32f10x_hd.o(RESET)
    !!!main                                  0x08000130   Section        8  __main.o(!!!main)
    !!!scatter                               0x08000138   Section       52  __scatter.o(!!!scatter)
    !!handler_copy                           0x0800016c   Section       26  __scatter_copy.o(!!handler_copy)
    !!handler_zi                             0x08000188   Section       28  __scatter_zi.o(!!handler_zi)
    .ARM.Collect$$libinit$$00000000          0x080001a4   Section        2  libinit.o(.ARM.Collect$$libinit$$00000000)
    .ARM.Collect$$libinit$$00000002          0x080001a6   Section        0  libinit2.o(.ARM.Collect$$libinit$$00000002)
    .ARM.Collect$$libinit$$00000004          0x080001a6   Section        0  libinit2.o(.ARM.Collect$$libinit$$00000004)
    .ARM.Collect$$libinit$$0000000A          0x080001a6   Section        0  libinit2.o(.ARM.Collect$$libinit$$0000000A)
    .ARM.Collect$$libinit$$0000000C          0x080001a6   Section        0  libinit2.o(.ARM.Collect$$libinit$$0000000C)
    .ARM.Collect$$libinit$$0000000E          0x080001a6   Section        0  libinit2.o(.ARM.Collect$$libinit$$0000000E)
    .ARM.Collect$$libinit$$00000011          0x080001a6   Section        0  libinit2.o(.ARM.Collect$$libinit$$00000011)
    .ARM.Collect$$libinit$$00000013          0x080001a6   Section        0  libinit2.o(.ARM.Collect$$libinit$$00000013)
    .ARM.Collect$$libinit$$00000015          0x080001a6   Section        0  libinit2.o(.ARM.Collect$$libinit$$00000015)
    .ARM.Collect$$libinit$$00000017          0x080001a6   Section        0  libinit2.o(.ARM.Collect$$libinit$$00000017)
    .ARM.Collect$$libinit$$00000019          0x080001a6   Section        0  libinit2.o(.ARM.Collect$$libinit$$00000019)
    .ARM.Collect$$libinit$$0000001B          0x080001a6   Section        0  libinit2.o(.ARM.Collect$$libinit$$0000001B)
    .ARM.Collect$$libinit$$0000001D          0x080001a6   Section        0  libinit2.o(.ARM.Collect$$libinit$$0000001D)
    .ARM.Collect$$libinit$$0000001F          0x080001a6   Section        0  libinit2.o(.ARM.Collect$$libinit$$0000001F)
    .ARM.Collect$$libinit$$00000021          0x080001a6   Section        0  libinit2.o(.ARM.Collect$$libinit$$00000021)
    .ARM.Collect$$libinit$$00000023          0x080001a6   Section        0  libinit2.o(.ARM.Collect$$libinit$$00000023)
    .ARM.Collect$$libinit$$00000025          0x080001a6   Section        0  libinit2.o(.ARM.Collect$$libinit$$00000025)
    .ARM.Collect$$libinit$$0000002C          0x080001a6   Section        0  libinit2.o(.ARM.Collect$$libinit$$0000002C)
    .ARM.Collect$$libinit$$0000002E          0x080001a6   Section        0  libinit2.o(.ARM.Collect$$libinit$$0000002E)
    .ARM.Collect$$libinit$$00000030          0x080001a6   Section        0  libinit2.o(.ARM.Collect$$libinit$$00000030)
    .ARM.Collect$$libinit$$00000032          0x080001a6   Section        0  libinit2.o(.ARM.Collect$$libinit$$00000032)
    .ARM.Collect$$libinit$$00000033          0x080001a6   Section        2  libinit2.o(.ARM.Collect$$libinit$$00000033)
    .ARM.Collect$$libshutdown$$00000000      0x080001a8   Section        2  libshutdown.o(.ARM.Collect$$libshutdown$$00000000)
    .ARM.Collect$$libshutdown$$00000002      0x080001aa   Section        0  libshutdown2.o(.ARM.Collect$$libshutdown$$00000002)
    .ARM.Collect$$libshutdown$$00000004      0x080001aa   Section        0  libshutdown2.o(.ARM.Collect$$libshutdown$$00000004)
    .ARM.Collect$$libshutdown$$00000007      0x080001aa   Section        0  libshutdown2.o(.ARM.Collect$$libshutdown$$00000007)
    .ARM.Collect$$libshutdown$$0000000A      0x080001aa   Section        0  libshutdown2.o(.ARM.Collect$$libshutdown$$0000000A)
    .ARM.Collect$$libshutdown$$0000000C      0x080001aa   Section        0  libshutdown2.o(.ARM.Collect$$libshutdown$$0000000C)
    .ARM.Collect$$libshutdown$$0000000F      0x080001aa   Section        0  libshutdown2.o(.ARM.Collect$$libshutdown$$0000000F)
    .ARM.Collect$$libshutdown$$00000010      0x080001aa   Section        2  libshutdown2.o(.ARM.Collect$$libshutdown$$00000010)
    .ARM.Collect$$rtentry$$00000000          0x080001ac   Section        0  __rtentry.o(.ARM.Collect$$rtentry$$00000000)
    .ARM.Collect$$rtentry$$00000002          0x080001ac   Section        0  __rtentry2.o(.ARM.Collect$$rtentry$$00000002)
    .ARM.Collect$$rtentry$$00000004          0x080001ac   Section        6  __rtentry4.o(.ARM.Collect$$rtentry$$00000004)
    .ARM.Collect$$rtentry$$00000009          0x080001b2   Section        0  __rtentry2.o(.ARM.Collect$$rtentry$$00000009)
    .ARM.Collect$$rtentry$$0000000A          0x080001b2   Section        4  __rtentry2.o(.ARM.Collect$$rtentry$$0000000A)
    .ARM.Collect$$rtentry$$0000000C          0x080001b6   Section        0  __rtentry2.o(.ARM.Collect$$rtentry$$0000000C)
    .ARM.Collect$$rtentry$$0000000D          0x080001b6   Section        8  __rtentry2.o(.ARM.Collect$$rtentry$$0000000D)
    .ARM.Collect$$rtexit$$00000000           0x080001be   Section        2  rtexit.o(.ARM.Collect$$rtexit$$00000000)
    .ARM.Collect$$rtexit$$00000002           0x080001c0   Section        0  rtexit2.o(.ARM.Collect$$rtexit$$00000002)
    .ARM.Collect$$rtexit$$00000003           0x080001c0   Section        4  rtexit2.o(.ARM.Collect$$rtexit$$00000003)
    .ARM.Collect$$rtexit$$00000004           0x080001c4   Section        6  rtexit2.o(.ARM.Collect$$rtexit$$00000004)
    .text                                    0x080001cc   Section       64  startup_stm32f10x_hd.o(.text)
    .text                                    0x0800020c   Section        2  use_no_semi_2.o(.text)
    .text                                    0x0800020e   Section       78  rt_memclr_w.o(.text)
    .text                                    0x0800025c   Section        0  heapauxi.o(.text)
    .text                                    0x08000262   Section        2  use_no_semi.o(.text)
    .text                                    0x08000264   Section       74  sys_stackheap_outer.o(.text)
    .text                                    0x080002ae   Section        0  exit.o(.text)
    .text                                    0x080002c0   Section        8  libspace.o(.text)
    i.ADC_Cmd                                0x080002c8   Section        0  stm32f10x_adc.o(i.ADC_Cmd)
    i.ADC_DMACmd                             0x080002de   Section        0  stm32f10x_adc.o(i.ADC_DMACmd)
    i.ADC_DMA_InitConfig                     0x080002f4   Section        0  adc.o(i.ADC_DMA_InitConfig)
    i.ADC_DeInit                             0x080004dc   Section        0  stm32f10x_adc.o(i.ADC_DeInit)
    i.ADC_GetCalibrationStatus               0x08000538   Section        0  stm32f10x_adc.o(i.ADC_GetCalibrationStatus)
    i.ADC_GetResetCalibrationStatus          0x0800054c   Section        0  stm32f10x_adc.o(i.ADC_GetResetCalibrationStatus)
    i.ADC_Init                               0x08000560   Section        0  stm32f10x_adc.o(i.ADC_Init)
    i.ADC_RegularChannelConfig               0x080005b0   Section        0  stm32f10x_adc.o(i.ADC_RegularChannelConfig)
    i.ADC_ResetCalibration                   0x08000668   Section        0  stm32f10x_adc.o(i.ADC_ResetCalibration)
    i.ADC_SoftwareStartConvCmd               0x08000672   Section        0  stm32f10x_adc.o(i.ADC_SoftwareStartConvCmd)
    i.ADC_StartCalibration                   0x08000688   Section        0  stm32f10x_adc.o(i.ADC_StartCalibration)
    i.AD_GetData                             0x08000694   Section        0  adc.o(i.AD_GetData)
    i.AcquireAverage_AD                      0x0800087c   Section        0  adc.o(i.AcquireAverage_AD)
    i.Avr_Get                                0x080008ba   Section        0  sys_function.o(i.Avr_Get)
    i.BSP_Init                               0x08000940   Section        0  sys_function.o(i.BSP_Init)
    i.BusFault_Handler                       0x08000986   Section        0  stm32f10x_it.o(i.BusFault_Handler)
    i.CD4051_ChannelSet1                     0x0800098c   Section        0  74hc595.o(i.CD4051_ChannelSet1)
    i.CD4051_ChannelSet2                     0x08000a5c   Section        0  74hc595.o(i.CD4051_ChannelSet2)
    i.CD4051_GPIO_Init                       0x08000b2c   Section        0  74hc595.o(i.CD4051_GPIO_Init)
    i.DAC_Cmd                                0x08000b80   Section        0  stm32f10x_dac.o(i.DAC_Cmd)
    i.DAC_Init                               0x08000ba8   Section        0  stm32f10x_dac.o(i.DAC_Init)
    i.DAC_Init_Config                        0x08000bdc   Section        0  dac.o(i.DAC_Init_Config)
    i.DAC_SetChannel1Data                    0x08000c50   Section        0  stm32f10x_dac.o(i.DAC_SetChannel1Data)
    i.DAC_SetChannel2Data                    0x08000c70   Section        0  stm32f10x_dac.o(i.DAC_SetChannel2Data)
    i.DAC_Start_Init                         0x08000c90   Section        0  dac.o(i.DAC_Start_Init)
    i.DAC_WriteData                          0x08000ca4   Section        0  dac.o(i.DAC_WriteData)
    i.DMA_Cmd                                0x08000d20   Section        0  stm32f10x_dma.o(i.DMA_Cmd)
    i.DMA_DeInit                             0x08000d38   Section        0  stm32f10x_dma.o(i.DMA_DeInit)
    i.DMA_Init                               0x08000e84   Section        0  stm32f10x_dma.o(i.DMA_Init)
    i.DebugMon_Handler                       0x08000ec0   Section        0  stm32f10x_it.o(i.DebugMon_Handler)
    i.GPIO_Init                              0x08000ec2   Section        0  stm32f10x_gpio.o(i.GPIO_Init)
    i.GPIO_Init_Config                       0x08000fd8   Section        0  sys_function.o(i.GPIO_Init_Config)
    i.GPIO_ReadInputDataBit                  0x08001054   Section        0  stm32f10x_gpio.o(i.GPIO_ReadInputDataBit)
    i.GPIO_ReadOutputDataBit                 0x08001066   Section        0  stm32f10x_gpio.o(i.GPIO_ReadOutputDataBit)
    i.GPIO_ResetBits                         0x08001078   Section        0  stm32f10x_gpio.o(i.GPIO_ResetBits)
    i.GPIO_SetBits                           0x0800107c   Section        0  stm32f10x_gpio.o(i.GPIO_SetBits)
    i.HC595_GPIO_Init                        0x08001080   Section        0  74hc595.o(i.HC595_GPIO_Init)
    i.HC595_SendCMD1                         0x080010ac   Section        0  74hc595.o(i.HC595_SendCMD1)
    i.HC595_SendCMD2                         0x0800110c   Section        0  74hc595.o(i.HC595_SendCMD2)
    i.HardFault_Handler                      0x0800116c   Section        0  stm32f10x_it.o(i.HardFault_Handler)
    i.Hot_Plug                               0x08001170   Section        0  sys_function.o(i.Hot_Plug)
    i.LED_ChannelDetection                   0x080011b8   Section        0  sys_function.o(i.LED_ChannelDetection)
    i.LED_VoltageCurrentDetection            0x08001264   Section        0  sys_function.o(i.LED_VoltageCurrentDetection)
    i.MemManage_Handler                      0x08001428   Section        0  stm32f10x_it.o(i.MemManage_Handler)
    i.NMI_Handler                            0x0800142c   Section        0  stm32f10x_it.o(i.NMI_Handler)
    i.NVIC_Init                              0x08001430   Section        0  misc.o(i.NVIC_Init)
    i.PendSV_Handler                         0x080014a0   Section        0  stm32f10x_it.o(i.PendSV_Handler)
    i.Power_OFF1                             0x080014a4   Section        0  sys_function.o(i.Power_OFF1)
    i.Power_OFF2                             0x080014d4   Section        0  sys_function.o(i.Power_OFF2)
    i.Power_ON1                              0x08001504   Section        0  sys_function.o(i.Power_ON1)
    i.Power_ON2                              0x08001550   Section        0  sys_function.o(i.Power_ON2)
    i.Protect_Channel                        0x0800159c   Section        0  sys_function.o(i.Protect_Channel)
    i.Protect_EmptyLoad                      0x08001638   Section        0  sys_function.o(i.Protect_EmptyLoad)
    i.Protect_NegativeGND_Short              0x080016d4   Section        0  sys_function.o(i.Protect_NegativeGND_Short)
    i.Protect_OVP                            0x080017c8   Section        0  sys_function.o(i.Protect_OVP)
    i.Protect_OverPower                      0x080018b8   Section        0  sys_function.o(i.Protect_OverPower)
    i.Protect_PIN_Short                      0x080019f0   Section        0  sys_function.o(i.Protect_PIN_Short)
    i.Protect_PositiveGND_Short              0x08001b14   Section        0  sys_function.o(i.Protect_PositiveGND_Short)
    i.Protect_PositiveNegative_Short         0x08001bd8   Section        0  sys_function.o(i.Protect_PositiveNegative_Short)
    i.Protect_UVP                            0x08001cd0   Section        0  sys_function.o(i.Protect_UVP)
    i.Protect_VF                             0x08001dbc   Section        0  sys_function.o(i.Protect_VF)
    i.Protocols_Analysis_1K_Parameter        0x08001f3c   Section        0  sys_function.o(i.Protocols_Analysis_1K_Parameter)
    i.Protocols_Change_BacklightCur          0x0800217c   Section        0  sys_function.o(i.Protocols_Change_BacklightCur)
    i.Protocols_ON_OFF_Driver                0x08002304   Section        0  sys_function.o(i.Protocols_ON_OFF_Driver)
    i.Protocols_ReadHardware_Version         0x08002524   Section        0  sys_function.o(i.Protocols_ReadHardware_Version)
    i.Protocols_ReadSoftwear_Version         0x08002650   Section        0  sys_function.o(i.Protocols_ReadSoftwear_Version)
    i.Protocols_Read_VolCur                  0x08002768   Section        0  sys_function.o(i.Protocols_Read_VolCur)
    i.RCC_ADCCLKConfig                       0x08002930   Section        0  stm32f10x_rcc.o(i.RCC_ADCCLKConfig)
    i.RCC_AHBPeriphClockCmd                  0x08002948   Section        0  stm32f10x_rcc.o(i.RCC_AHBPeriphClockCmd)
    i.RCC_APB1PeriphClockCmd                 0x08002968   Section        0  stm32f10x_rcc.o(i.RCC_APB1PeriphClockCmd)
    i.RCC_APB2PeriphClockCmd                 0x08002988   Section        0  stm32f10x_rcc.o(i.RCC_APB2PeriphClockCmd)
    i.RCC_APB2PeriphResetCmd                 0x080029a8   Section        0  stm32f10x_rcc.o(i.RCC_APB2PeriphResetCmd)
    i.RCC_GetClocksFreq                      0x080029c8   Section        0  stm32f10x_rcc.o(i.RCC_GetClocksFreq)
    i.SVC_Handler                            0x08002a9c   Section        0  stm32f10x_it.o(i.SVC_Handler)
    i.SetSysClock                            0x08002a9e   Section        0  system_stm32f10x.o(i.SetSysClock)
    SetSysClock                              0x08002a9f   Thumb Code     8  system_stm32f10x.o(i.SetSysClock)
    i.SetSysClockTo72                        0x08002aa8   Section        0  system_stm32f10x.o(i.SetSysClockTo72)
    SetSysClockTo72                          0x08002aa9   Thumb Code   214  system_stm32f10x.o(i.SetSysClockTo72)
    i.StartValue_Init                        0x08002b88   Section        0  sys_function.o(i.StartValue_Init)
    i.Start_Output                           0x08002be0   Section        0  sys_function.o(i.Start_Output)
    i.Stop_Output                            0x08002cb8   Section        0  sys_function.o(i.Stop_Output)
    i.SysTick_CLKSourceConfig                0x08002da8   Section        0  misc.o(i.SysTick_CLKSourceConfig)
    i.SysTick_Handler                        0x08002dd0   Section        0  stm32f10x_it.o(i.SysTick_Handler)
    i.SystemInit                             0x08002dd4   Section        0  system_stm32f10x.o(i.SystemInit)
    i.TIM3_DISABLE                           0x08002e34   Section        0  sys_timer.o(i.TIM3_DISABLE)
    i.TIM3_ENABLE                            0x08002e44   Section        0  sys_timer.o(i.TIM3_ENABLE)
    i.TIM3_IRQHandler                        0x08002e54   Section        0  sys_timer.o(i.TIM3_IRQHandler)
    i.TIM3_Int_Init                          0x08002f40   Section        0  sys_timer.o(i.TIM3_Int_Init)
    i.TIM_ClearITPendingBit                  0x08002f9c   Section        0  stm32f10x_tim.o(i.TIM_ClearITPendingBit)
    i.TIM_Cmd                                0x08002fa2   Section        0  stm32f10x_tim.o(i.TIM_Cmd)
    i.TIM_GetITStatus                        0x08002fba   Section        0  stm32f10x_tim.o(i.TIM_GetITStatus)
    i.TIM_ITConfig                           0x08002fdc   Section        0  stm32f10x_tim.o(i.TIM_ITConfig)
    i.TIM_TimeBaseInit                       0x08002ff0   Section        0  stm32f10x_tim.o(i.TIM_TimeBaseInit)
    i.Thermistor_Detection                   0x08003094   Section        0  sys_function.o(i.Thermistor_Detection)
    i.USART1_IRQHandler                      0x080030d4   Section        0  sys_uart.o(i.USART1_IRQHandler)
    i.USART1_Init_Config                     0x08003280   Section        0  sys_uart.o(i.USART1_Init_Config)
    i.USART2_IRQHandler                      0x08003320   Section        0  sys_uart.o(i.USART2_IRQHandler)
    i.USART2_Init_Config                     0x08003330   Section        0  sys_uart.o(i.USART2_Init_Config)
    i.USART_Cmd                              0x080033d8   Section        0  stm32f10x_usart.o(i.USART_Cmd)
    i.USART_GetFlagStatus                    0x080033f0   Section        0  stm32f10x_usart.o(i.USART_GetFlagStatus)
    i.USART_ITConfig                         0x0800340a   Section        0  stm32f10x_usart.o(i.USART_ITConfig)
    i.USART_Init                             0x08003454   Section        0  stm32f10x_usart.o(i.USART_Init)
    i.USART_ReceiveData                      0x0800352c   Section        0  stm32f10x_usart.o(i.USART_ReceiveData)
    i.USART_SendData                         0x08003536   Section        0  stm32f10x_usart.o(i.USART_SendData)
    i.UsageFault_Handler                     0x0800353e   Section        0  stm32f10x_it.o(i.UsageFault_Handler)
    i._sys_exit                              0x08003542   Section        0  sys_uart.o(i._sys_exit)
    i.crc                                    0x08003548   Section        0  sys_uart.o(i.crc)
    i.delay_init                             0x0800357c   Section        0  delay.o(i.delay_init)
    i.delay_ms                               0x080035c0   Section        0  delay.o(i.delay_ms)
    i.main                                   0x0800360c   Section        0  main.o(i.main)
    i.uart1_send_byte                        0x0800372c   Section        0  sys_uart.o(i.uart1_send_byte)
    x$fpl$d2f                                0x0800374c   Section       98  d2f.o(x$fpl$d2f)
    x$fpl$dcmpinf                            0x080037ae   Section       24  dcmpi.o(x$fpl$dcmpinf)
    x$fpl$ddiv                               0x080037c8   Section      688  ddiv.o(x$fpl$ddiv)
    ddiv_entry                               0x080037cf   Thumb Code     0  ddiv.o(x$fpl$ddiv)
    x$fpl$dfixu                              0x08003a78   Section       90  dfixu.o(x$fpl$dfixu)
    x$fpl$dflt                               0x08003ad2   Section       46  dflt_clz.o(x$fpl$dflt)
    x$fpl$dfltu                              0x08003b00   Section       38  dflt_clz.o(x$fpl$dfltu)
    x$fpl$dleqf                              0x08003b28   Section      120  dleqf.o(x$fpl$dleqf)
    x$fpl$dmul                               0x08003ba0   Section      340  dmul.o(x$fpl$dmul)
    x$fpl$dnaninf                            0x08003cf4   Section      156  dnaninf.o(x$fpl$dnaninf)
    x$fpl$dretinf                            0x08003d90   Section       12  dretinf.o(x$fpl$dretinf)
    x$fpl$drleqf                             0x08003d9c   Section      108  drleqf.o(x$fpl$drleqf)
    x$fpl$f2d                                0x08003e08   Section       86  f2d.o(x$fpl$f2d)
    x$fpl$fadd                               0x08003e60   Section      196  faddsub_clz.o(x$fpl$fadd)
    _fadd1                                   0x08003e6f   Thumb Code     0  faddsub_clz.o(x$fpl$fadd)
    x$fpl$fdiv                               0x08003f24   Section      388  fdiv.o(x$fpl$fdiv)
    _fdiv1                                   0x08003f25   Thumb Code     0  fdiv.o(x$fpl$fdiv)
    x$fpl$ffixu                              0x080040a8   Section       62  ffixu.o(x$fpl$ffixu)
    x$fpl$ffltu                              0x080040e8   Section       38  fflt_clz.o(x$fpl$ffltu)
    x$fpl$fmul                               0x08004110   Section      258  fmul.o(x$fpl$fmul)
    x$fpl$fnaninf                            0x08004212   Section      140  fnaninf.o(x$fpl$fnaninf)
    x$fpl$fretinf                            0x0800429e   Section       10  fretinf.o(x$fpl$fretinf)
    x$fpl$frsb                               0x080042a8   Section       20  faddsub_clz.o(x$fpl$frsb)
    x$fpl$fsub                               0x080042bc   Section      234  faddsub_clz.o(x$fpl$fsub)
    _fsub1                                   0x080042cb   Thumb Code     0  faddsub_clz.o(x$fpl$fsub)
    x$fpl$usenofp                            0x080043a6   Section        0  usenofp.o(x$fpl$usenofp)
    .data                                    0x20000000   Section        1  main.o(.data)
    .data                                    0x20000004   Section       20  system_stm32f10x.o(.data)
    .data                                    0x20000018   Section       48  sys_function.o(.data)
    .data                                    0x20000048   Section        5  sys_timer.o(.data)
    .data                                    0x20000050   Section       24  sys_uart.o(.data)
    .data                                    0x20000068   Section        4  delay.o(.data)
    fac_us                                   0x20000068   Data           1  delay.o(.data)
    fac_ms                                   0x2000006a   Data           2  delay.o(.data)
    .data                                    0x2000006c   Section       20  stm32f10x_rcc.o(.data)
    APBAHBPrescTable                         0x2000006c   Data          16  stm32f10x_rcc.o(.data)
    ADCPrescTable                            0x2000007c   Data           4  stm32f10x_rcc.o(.data)
    .bss                                     0x20000080   Section     1100  main.o(.bss)
    .bss                                     0x200004cc   Section      156  sys_function.o(.bss)
    .bss                                     0x20000568   Section       60  adc.o(.bss)
    AD_DMABuffer                             0x20000568   Data          20  adc.o(.bss)
    accept_value                             0x2000057c   Data          40  adc.o(.bss)
    .bss                                     0x200005a4   Section     1100  sys_uart.o(.bss)
    .bss                                     0x200009f0   Section       96  libspace.o(.bss)
    HEAP                                     0x20000a50   Section      512  startup_stm32f10x_hd.o(HEAP)
    Heap_Mem                                 0x20000a50   Data         512  startup_stm32f10x_hd.o(HEAP)
    STACK                                    0x20000c50   Section     1024  startup_stm32f10x_hd.o(STACK)
    Stack_Mem                                0x20000c50   Data        1024  startup_stm32f10x_hd.o(STACK)
    __initial_sp                             0x20001050   Data           0  startup_stm32f10x_hd.o(STACK)

    Global Symbols

    Symbol Name                              Value     Ov Type        Size  Object(Section)

    BuildAttributes$$THM_ISAv4$P$D$K$B$S$PE$A:L22UL41UL21$X:L11$S22US41US21$IEEE1$IW$USESV6$~STKCKD$USESV7$~SHL$OSPACE$ROPI$EBA8$UX$STANDARDLIB$REQ8$PRES8$EABIv2 0x00000000   Number         0  anon$$obj.o ABSOLUTE
    __ARM_use_no_argv                        0x00000000   Number         0  main.o ABSOLUTE
    __ARM_exceptions_init                     - Undefined Weak Reference
    __alloca_initialize                       - Undefined Weak Reference
    __arm_preinit_                            - Undefined Weak Reference
    __cpp_initialize__aeabi_                  - Undefined Weak Reference
    __cxa_finalize                            - Undefined Weak Reference
    __rt_locale                               - Undefined Weak Reference
    __sigvec_lookup                           - Undefined Weak Reference
    _atexit_init                              - Undefined Weak Reference
    _call_atexit_fns                          - Undefined Weak Reference
    _clock_init                               - Undefined Weak Reference
    _fp_trap_init                             - Undefined Weak Reference
    _fp_trap_shutdown                         - Undefined Weak Reference
    _get_lc_collate                           - Undefined Weak Reference
    _get_lc_ctype                             - Undefined Weak Reference
    _get_lc_monetary                          - Undefined Weak Reference
    _get_lc_numeric                           - Undefined Weak Reference
    _get_lc_time                              - Undefined Weak Reference
    _getenv_init                              - Undefined Weak Reference
    _handle_redirection                       - Undefined Weak Reference
    _init_alloc                               - Undefined Weak Reference
    _init_user_alloc                          - Undefined Weak Reference
    _initio                                   - Undefined Weak Reference
    _mutex_acquire                            - Undefined Weak Reference
    _mutex_release                            - Undefined Weak Reference
    _rand_init                                - Undefined Weak Reference
    _signal_finish                            - Undefined Weak Reference
    _signal_init                              - Undefined Weak Reference
    _terminate_alloc                          - Undefined Weak Reference
    _terminate_user_alloc                     - Undefined Weak Reference
    _terminateio                              - Undefined Weak Reference
    __Vectors_Size                           0x00000130   Number         0  startup_stm32f10x_hd.o ABSOLUTE
    __Vectors                                0x08000000   Data           4  startup_stm32f10x_hd.o(RESET)
    __Vectors_End                            0x08000130   Data           0  startup_stm32f10x_hd.o(RESET)
    __main                                   0x08000131   Thumb Code     8  __main.o(!!!main)
    __scatterload                            0x08000139   Thumb Code     0  __scatter.o(!!!scatter)
    __scatterload_rt2                        0x08000139   Thumb Code    44  __scatter.o(!!!scatter)
    __scatterload_rt2_thumb_only             0x08000139   Thumb Code     0  __scatter.o(!!!scatter)
    __scatterload_null                       0x08000147   Thumb Code     0  __scatter.o(!!!scatter)
    __scatterload_copy                       0x0800016d   Thumb Code    26  __scatter_copy.o(!!handler_copy)
    __scatterload_zeroinit                   0x08000189   Thumb Code    28  __scatter_zi.o(!!handler_zi)
    __rt_lib_init                            0x080001a5   Thumb Code     0  libinit.o(.ARM.Collect$$libinit$$00000000)
    __rt_lib_init_alloca_1                   0x080001a7   Thumb Code     0  libinit2.o(.ARM.Collect$$libinit$$0000002E)
    __rt_lib_init_argv_1                     0x080001a7   Thumb Code     0  libinit2.o(.ARM.Collect$$libinit$$0000002C)
    __rt_lib_init_atexit_1                   0x080001a7   Thumb Code     0  libinit2.o(.ARM.Collect$$libinit$$0000001B)
    __rt_lib_init_clock_1                    0x080001a7   Thumb Code     0  libinit2.o(.ARM.Collect$$libinit$$00000021)
    __rt_lib_init_cpp_1                      0x080001a7   Thumb Code     0  libinit2.o(.ARM.Collect$$libinit$$00000032)
    __rt_lib_init_exceptions_1               0x080001a7   Thumb Code     0  libinit2.o(.ARM.Collect$$libinit$$00000030)
    __rt_lib_init_fp_1                       0x080001a7   Thumb Code     0  libinit2.o(.ARM.Collect$$libinit$$00000002)
    __rt_lib_init_fp_trap_1                  0x080001a7   Thumb Code     0  libinit2.o(.ARM.Collect$$libinit$$0000001F)
    __rt_lib_init_getenv_1                   0x080001a7   Thumb Code     0  libinit2.o(.ARM.Collect$$libinit$$00000023)
    __rt_lib_init_heap_1                     0x080001a7   Thumb Code     0  libinit2.o(.ARM.Collect$$libinit$$0000000A)
    __rt_lib_init_lc_collate_1               0x080001a7   Thumb Code     0  libinit2.o(.ARM.Collect$$libinit$$00000011)
    __rt_lib_init_lc_ctype_1                 0x080001a7   Thumb Code     0  libinit2.o(.ARM.Collect$$libinit$$00000013)
    __rt_lib_init_lc_monetary_1              0x080001a7   Thumb Code     0  libinit2.o(.ARM.Collect$$libinit$$00000015)
    __rt_lib_init_lc_numeric_1               0x080001a7   Thumb Code     0  libinit2.o(.ARM.Collect$$libinit$$00000017)
    __rt_lib_init_lc_time_1                  0x080001a7   Thumb Code     0  libinit2.o(.ARM.Collect$$libinit$$00000019)
    __rt_lib_init_preinit_1                  0x080001a7   Thumb Code     0  libinit2.o(.ARM.Collect$$libinit$$00000004)
    __rt_lib_init_rand_1                     0x080001a7   Thumb Code     0  libinit2.o(.ARM.Collect$$libinit$$0000000E)
    __rt_lib_init_return                     0x080001a7   Thumb Code     0  libinit2.o(.ARM.Collect$$libinit$$00000033)
    __rt_lib_init_signal_1                   0x080001a7   Thumb Code     0  libinit2.o(.ARM.Collect$$libinit$$0000001D)
    __rt_lib_init_stdio_1                    0x080001a7   Thumb Code     0  libinit2.o(.ARM.Collect$$libinit$$00000025)
    __rt_lib_init_user_alloc_1               0x080001a7   Thumb Code     0  libinit2.o(.ARM.Collect$$libinit$$0000000C)
    __rt_lib_shutdown                        0x080001a9   Thumb Code     0  libshutdown.o(.ARM.Collect$$libshutdown$$00000000)
    __rt_lib_shutdown_cpp_1                  0x080001ab   Thumb Code     0  libshutdown2.o(.ARM.Collect$$libshutdown$$00000002)
    __rt_lib_shutdown_fp_trap_1              0x080001ab   Thumb Code     0  libshutdown2.o(.ARM.Collect$$libshutdown$$00000007)
    __rt_lib_shutdown_heap_1                 0x080001ab   Thumb Code     0  libshutdown2.o(.ARM.Collect$$libshutdown$$0000000F)
    __rt_lib_shutdown_return                 0x080001ab   Thumb Code     0  libshutdown2.o(.ARM.Collect$$libshutdown$$00000010)
    __rt_lib_shutdown_signal_1               0x080001ab   Thumb Code     0  libshutdown2.o(.ARM.Collect$$libshutdown$$0000000A)
    __rt_lib_shutdown_stdio_1                0x080001ab   Thumb Code     0  libshutdown2.o(.ARM.Collect$$libshutdown$$00000004)
    __rt_lib_shutdown_user_alloc_1           0x080001ab   Thumb Code     0  libshutdown2.o(.ARM.Collect$$libshutdown$$0000000C)
    __rt_entry                               0x080001ad   Thumb Code     0  __rtentry.o(.ARM.Collect$$rtentry$$00000000)
    __rt_entry_presh_1                       0x080001ad   Thumb Code     0  __rtentry2.o(.ARM.Collect$$rtentry$$00000002)
    __rt_entry_sh                            0x080001ad   Thumb Code     0  __rtentry4.o(.ARM.Collect$$rtentry$$00000004)
    __rt_entry_li                            0x080001b3   Thumb Code     0  __rtentry2.o(.ARM.Collect$$rtentry$$0000000A)
    __rt_entry_postsh_1                      0x080001b3   Thumb Code     0  __rtentry2.o(.ARM.Collect$$rtentry$$00000009)
    __rt_entry_main                          0x080001b7   Thumb Code     0  __rtentry2.o(.ARM.Collect$$rtentry$$0000000D)
    __rt_entry_postli_1                      0x080001b7   Thumb Code     0  __rtentry2.o(.ARM.Collect$$rtentry$$0000000C)
    __rt_exit                                0x080001bf   Thumb Code     0  rtexit.o(.ARM.Collect$$rtexit$$00000000)
    __rt_exit_ls                             0x080001c1   Thumb Code     0  rtexit2.o(.ARM.Collect$$rtexit$$00000003)
    __rt_exit_prels_1                        0x080001c1   Thumb Code     0  rtexit2.o(.ARM.Collect$$rtexit$$00000002)
    __rt_exit_exit                           0x080001c5   Thumb Code     0  rtexit2.o(.ARM.Collect$$rtexit$$00000004)
    Reset_Handler                            0x080001cd   Thumb Code     8  startup_stm32f10x_hd.o(.text)
    ADC1_2_IRQHandler                        0x080001e7   Thumb Code     0  startup_stm32f10x_hd.o(.text)
    ADC3_IRQHandler                          0x080001e7   Thumb Code     0  startup_stm32f10x_hd.o(.text)
    CAN1_RX1_IRQHandler                      0x080001e7   Thumb Code     0  startup_stm32f10x_hd.o(.text)
    CAN1_SCE_IRQHandler                      0x080001e7   Thumb Code     0  startup_stm32f10x_hd.o(.text)
    DMA1_Channel1_IRQHandler                 0x080001e7   Thumb Code     0  startup_stm32f10x_hd.o(.text)
    DMA1_Channel2_IRQHandler                 0x080001e7   Thumb Code     0  startup_stm32f10x_hd.o(.text)
    DMA1_Channel3_IRQHandler                 0x080001e7   Thumb Code     0  startup_stm32f10x_hd.o(.text)
    DMA1_Channel4_IRQHandler                 0x080001e7   Thumb Code     0  startup_stm32f10x_hd.o(.text)
    DMA1_Channel5_IRQHandler                 0x080001e7   Thumb Code     0  startup_stm32f10x_hd.o(.text)
    DMA1_Channel6_IRQHandler                 0x080001e7   Thumb Code     0  startup_stm32f10x_hd.o(.text)
    DMA1_Channel7_IRQHandler                 0x080001e7   Thumb Code     0  startup_stm32f10x_hd.o(.text)
    DMA2_Channel1_IRQHandler                 0x080001e7   Thumb Code     0  startup_stm32f10x_hd.o(.text)
    DMA2_Channel2_IRQHandler                 0x080001e7   Thumb Code     0  startup_stm32f10x_hd.o(.text)
    DMA2_Channel3_IRQHandler                 0x080001e7   Thumb Code     0  startup_stm32f10x_hd.o(.text)
    DMA2_Channel4_5_IRQHandler               0x080001e7   Thumb Code     0  startup_stm32f10x_hd.o(.text)
    EXTI0_IRQHandler                         0x080001e7   Thumb Code     0  startup_stm32f10x_hd.o(.text)
    EXTI15_10_IRQHandler                     0x080001e7   Thumb Code     0  startup_stm32f10x_hd.o(.text)
    EXTI1_IRQHandler                         0x080001e7   Thumb Code     0  startup_stm32f10x_hd.o(.text)
    EXTI2_IRQHandler                         0x080001e7   Thumb Code     0  startup_stm32f10x_hd.o(.text)
    EXTI3_IRQHandler                         0x080001e7   Thumb Code     0  startup_stm32f10x_hd.o(.text)
    EXTI4_IRQHandler                         0x080001e7   Thumb Code     0  startup_stm32f10x_hd.o(.text)
    EXTI9_5_IRQHandler                       0x080001e7   Thumb Code     0  startup_stm32f10x_hd.o(.text)
    FLASH_IRQHandler                         0x080001e7   Thumb Code     0  startup_stm32f10x_hd.o(.text)
    FSMC_IRQHandler                          0x080001e7   Thumb Code     0  startup_stm32f10x_hd.o(.text)
    I2C1_ER_IRQHandler                       0x080001e7   Thumb Code     0  startup_stm32f10x_hd.o(.text)
    I2C1_EV_IRQHandler                       0x080001e7   Thumb Code     0  startup_stm32f10x_hd.o(.text)
    I2C2_ER_IRQHandler                       0x080001e7   Thumb Code     0  startup_stm32f10x_hd.o(.text)
    I2C2_EV_IRQHandler                       0x080001e7   Thumb Code     0  startup_stm32f10x_hd.o(.text)
    PVD_IRQHandler                           0x080001e7   Thumb Code     0  startup_stm32f10x_hd.o(.text)
    RCC_IRQHandler                           0x080001e7   Thumb Code     0  startup_stm32f10x_hd.o(.text)
    RTCAlarm_IRQHandler                      0x080001e7   Thumb Code     0  startup_stm32f10x_hd.o(.text)
    RTC_IRQHandler                           0x080001e7   Thumb Code     0  startup_stm32f10x_hd.o(.text)
    SDIO_IRQHandler                          0x080001e7   Thumb Code     0  startup_stm32f10x_hd.o(.text)
    SPI1_IRQHandler                          0x080001e7   Thumb Code     0  startup_stm32f10x_hd.o(.text)
    SPI2_IRQHandler                          0x080001e7   Thumb Code     0  startup_stm32f10x_hd.o(.text)
    SPI3_IRQHandler                          0x080001e7   Thumb Code     0  startup_stm32f10x_hd.o(.text)
    TAMPER_IRQHandler                        0x080001e7   Thumb Code     0  startup_stm32f10x_hd.o(.text)
    TIM1_BRK_IRQHandler                      0x080001e7   Thumb Code     0  startup_stm32f10x_hd.o(.text)
    TIM1_CC_IRQHandler                       0x080001e7   Thumb Code     0  startup_stm32f10x_hd.o(.text)
    TIM1_TRG_COM_IRQHandler                  0x080001e7   Thumb Code     0  startup_stm32f10x_hd.o(.text)
    TIM1_UP_IRQHandler                       0x080001e7   Thumb Code     0  startup_stm32f10x_hd.o(.text)
    TIM2_IRQHandler                          0x080001e7   Thumb Code     0  startup_stm32f10x_hd.o(.text)
    TIM4_IRQHandler                          0x080001e7   Thumb Code     0  startup_stm32f10x_hd.o(.text)
    TIM5_IRQHandler                          0x080001e7   Thumb Code     0  startup_stm32f10x_hd.o(.text)
    TIM6_IRQHandler                          0x080001e7   Thumb Code     0  startup_stm32f10x_hd.o(.text)
    TIM7_IRQHandler                          0x080001e7   Thumb Code     0  startup_stm32f10x_hd.o(.text)
    TIM8_BRK_IRQHandler                      0x080001e7   Thumb Code     0  startup_stm32f10x_hd.o(.text)
    TIM8_CC_IRQHandler                       0x080001e7   Thumb Code     0  startup_stm32f10x_hd.o(.text)
    TIM8_TRG_COM_IRQHandler                  0x080001e7   Thumb Code     0  startup_stm32f10x_hd.o(.text)
    TIM8_UP_IRQHandler                       0x080001e7   Thumb Code     0  startup_stm32f10x_hd.o(.text)
    UART4_IRQHandler                         0x080001e7   Thumb Code     0  startup_stm32f10x_hd.o(.text)
    UART5_IRQHandler                         0x080001e7   Thumb Code     0  startup_stm32f10x_hd.o(.text)
    USART3_IRQHandler                        0x080001e7   Thumb Code     0  startup_stm32f10x_hd.o(.text)
    USBWakeUp_IRQHandler                     0x080001e7   Thumb Code     0  startup_stm32f10x_hd.o(.text)
    USB_HP_CAN1_TX_IRQHandler                0x080001e7   Thumb Code     0  startup_stm32f10x_hd.o(.text)
    USB_LP_CAN1_RX0_IRQHandler               0x080001e7   Thumb Code     0  startup_stm32f10x_hd.o(.text)
    WWDG_IRQHandler                          0x080001e7   Thumb Code     0  startup_stm32f10x_hd.o(.text)
    __user_initial_stackheap                 0x080001e9   Thumb Code     0  startup_stm32f10x_hd.o(.text)
    __use_no_semihosting                     0x0800020d   Thumb Code     2  use_no_semi_2.o(.text)
    __aeabi_memclr4                          0x0800020f   Thumb Code     0  rt_memclr_w.o(.text)
    __aeabi_memclr8                          0x0800020f   Thumb Code     0  rt_memclr_w.o(.text)
    __rt_memclr_w                            0x0800020f   Thumb Code    78  rt_memclr_w.o(.text)
    _memset_w                                0x08000213   Thumb Code     0  rt_memclr_w.o(.text)
    __use_two_region_memory                  0x0800025d   Thumb Code     2  heapauxi.o(.text)
    __rt_heap_escrow$2region                 0x0800025f   Thumb Code     2  heapauxi.o(.text)
    __rt_heap_expand$2region                 0x08000261   Thumb Code     2  heapauxi.o(.text)
    __I$use$semihosting                      0x08000263   Thumb Code     0  use_no_semi.o(.text)
    __use_no_semihosting_swi                 0x08000263   Thumb Code     2  use_no_semi.o(.text)
    __user_setup_stackheap                   0x08000265   Thumb Code    74  sys_stackheap_outer.o(.text)
    exit                                     0x080002af   Thumb Code    18  exit.o(.text)
    __user_libspace                          0x080002c1   Thumb Code     8  libspace.o(.text)
    __user_perproc_libspace                  0x080002c1   Thumb Code     0  libspace.o(.text)
    __user_perthread_libspace                0x080002c1   Thumb Code     0  libspace.o(.text)
    ADC_Cmd                                  0x080002c9   Thumb Code    22  stm32f10x_adc.o(i.ADC_Cmd)
    ADC_DMACmd                               0x080002df   Thumb Code    22  stm32f10x_adc.o(i.ADC_DMACmd)
    ADC_DMA_InitConfig                       0x080002f5   Thumb Code   462  adc.o(i.ADC_DMA_InitConfig)
    ADC_DeInit                               0x080004dd   Thumb Code    78  stm32f10x_adc.o(i.ADC_DeInit)
    ADC_GetCalibrationStatus                 0x08000539   Thumb Code    20  stm32f10x_adc.o(i.ADC_GetCalibrationStatus)
    ADC_GetResetCalibrationStatus            0x0800054d   Thumb Code    20  stm32f10x_adc.o(i.ADC_GetResetCalibrationStatus)
    ADC_Init                                 0x08000561   Thumb Code    70  stm32f10x_adc.o(i.ADC_Init)
    ADC_RegularChannelConfig                 0x080005b1   Thumb Code   184  stm32f10x_adc.o(i.ADC_RegularChannelConfig)
    ADC_ResetCalibration                     0x08000669   Thumb Code    10  stm32f10x_adc.o(i.ADC_ResetCalibration)
    ADC_SoftwareStartConvCmd                 0x08000673   Thumb Code    22  stm32f10x_adc.o(i.ADC_SoftwareStartConvCmd)
    ADC_StartCalibration                     0x08000689   Thumb Code    10  stm32f10x_adc.o(i.ADC_StartCalibration)
    AD_GetData                               0x08000695   Thumb Code   448  adc.o(i.AD_GetData)
    AcquireAverage_AD                        0x0800087d   Thumb Code    62  adc.o(i.AcquireAverage_AD)
    Avr_Get                                  0x080008bb   Thumb Code   134  sys_function.o(i.Avr_Get)
    BSP_Init                                 0x08000941   Thumb Code    70  sys_function.o(i.BSP_Init)
    BusFault_Handler                         0x08000987   Thumb Code     4  stm32f10x_it.o(i.BusFault_Handler)
    CD4051_ChannelSet1                       0x0800098d   Thumb Code   198  74hc595.o(i.CD4051_ChannelSet1)
    CD4051_ChannelSet2                       0x08000a5d   Thumb Code   198  74hc595.o(i.CD4051_ChannelSet2)
    CD4051_GPIO_Init                         0x08000b2d   Thumb Code    76  74hc595.o(i.CD4051_GPIO_Init)
    DAC_Cmd                                  0x08000b81   Thumb Code    34  stm32f10x_dac.o(i.DAC_Cmd)
    DAC_Init                                 0x08000ba9   Thumb Code    46  stm32f10x_dac.o(i.DAC_Init)
    DAC_Init_Config                          0x08000bdd   Thumb Code   112  dac.o(i.DAC_Init_Config)
    DAC_SetChannel1Data                      0x08000c51   Thumb Code    26  stm32f10x_dac.o(i.DAC_SetChannel1Data)
    DAC_SetChannel2Data                      0x08000c71   Thumb Code    26  stm32f10x_dac.o(i.DAC_SetChannel2Data)
    DAC_Start_Init                           0x08000c91   Thumb Code    20  dac.o(i.DAC_Start_Init)
    DAC_WriteData                            0x08000ca5   Thumb Code   116  dac.o(i.DAC_WriteData)
    DMA_Cmd                                  0x08000d21   Thumb Code    24  stm32f10x_dma.o(i.DMA_Cmd)
    DMA_DeInit                               0x08000d39   Thumb Code   324  stm32f10x_dma.o(i.DMA_DeInit)
    DMA_Init                                 0x08000e85   Thumb Code    60  stm32f10x_dma.o(i.DMA_Init)
    DebugMon_Handler                         0x08000ec1   Thumb Code     2  stm32f10x_it.o(i.DebugMon_Handler)
    GPIO_Init                                0x08000ec3   Thumb Code   278  stm32f10x_gpio.o(i.GPIO_Init)
    GPIO_Init_Config                         0x08000fd9   Thumb Code   110  sys_function.o(i.GPIO_Init_Config)
    GPIO_ReadInputDataBit                    0x08001055   Thumb Code    18  stm32f10x_gpio.o(i.GPIO_ReadInputDataBit)
    GPIO_ReadOutputDataBit                   0x08001067   Thumb Code    18  stm32f10x_gpio.o(i.GPIO_ReadOutputDataBit)
    GPIO_ResetBits                           0x08001079   Thumb Code     4  stm32f10x_gpio.o(i.GPIO_ResetBits)
    GPIO_SetBits                             0x0800107d   Thumb Code     4  stm32f10x_gpio.o(i.GPIO_SetBits)
    HC595_GPIO_Init                          0x08001081   Thumb Code    40  74hc595.o(i.HC595_GPIO_Init)
    HC595_SendCMD1                           0x080010ad   Thumb Code    86  74hc595.o(i.HC595_SendCMD1)
    HC595_SendCMD2                           0x0800110d   Thumb Code    86  74hc595.o(i.HC595_SendCMD2)
    HardFault_Handler                        0x0800116d   Thumb Code     4  stm32f10x_it.o(i.HardFault_Handler)
    Hot_Plug                                 0x08001171   Thumb Code    56  sys_function.o(i.Hot_Plug)
    LED_ChannelDetection                     0x080011b9   Thumb Code   138  sys_function.o(i.LED_ChannelDetection)
    LED_VoltageCurrentDetection              0x08001265   Thumb Code   404  sys_function.o(i.LED_VoltageCurrentDetection)
    MemManage_Handler                        0x08001429   Thumb Code     4  stm32f10x_it.o(i.MemManage_Handler)
    NMI_Handler                              0x0800142d   Thumb Code     2  stm32f10x_it.o(i.NMI_Handler)
    NVIC_Init                                0x08001431   Thumb Code   100  misc.o(i.NVIC_Init)
    PendSV_Handler                           0x080014a1   Thumb Code     2  stm32f10x_it.o(i.PendSV_Handler)
    Power_OFF1                               0x080014a5   Thumb Code    38  sys_function.o(i.Power_OFF1)
    Power_OFF2                               0x080014d5   Thumb Code    38  sys_function.o(i.Power_OFF2)
    Power_ON1                                0x08001505   Thumb Code    58  sys_function.o(i.Power_ON1)
    Power_ON2                                0x08001551   Thumb Code    58  sys_function.o(i.Power_ON2)
    Protect_Channel                          0x0800159d   Thumb Code   118  sys_function.o(i.Protect_Channel)
    Protect_EmptyLoad                        0x08001639   Thumb Code   118  sys_function.o(i.Protect_EmptyLoad)
    Protect_NegativeGND_Short                0x080016d5   Thumb Code   220  sys_function.o(i.Protect_NegativeGND_Short)
    Protect_OVP                              0x080017c9   Thumb Code   194  sys_function.o(i.Protect_OVP)
    Protect_OverPower                        0x080018b9   Thumb Code   248  sys_function.o(i.Protect_OverPower)
    Protect_PIN_Short                        0x080019f1   Thumb Code   268  sys_function.o(i.Protect_PIN_Short)
    Protect_PositiveGND_Short                0x08001b15   Thumb Code   168  sys_function.o(i.Protect_PositiveGND_Short)
    Protect_PositiveNegative_Short           0x08001bd9   Thumb Code   218  sys_function.o(i.Protect_PositiveNegative_Short)
    Protect_UVP                              0x08001cd1   Thumb Code   190  sys_function.o(i.Protect_UVP)
    Protect_VF                               0x08001dbd   Thumb Code   340  sys_function.o(i.Protect_VF)
    Protocols_Analysis_1K_Parameter          0x08001f3d   Thumb Code   542  sys_function.o(i.Protocols_Analysis_1K_Parameter)
    Protocols_Change_BacklightCur            0x0800217d   Thumb Code   358  sys_function.o(i.Protocols_Change_BacklightCur)
    Protocols_ON_OFF_Driver                  0x08002305   Thumb Code   516  sys_function.o(i.Protocols_ON_OFF_Driver)
    Protocols_ReadHardware_Version           0x08002525   Thumb Code   280  sys_function.o(i.Protocols_ReadHardware_Version)
    Protocols_ReadSoftwear_Version           0x08002651   Thumb Code   258  sys_function.o(i.Protocols_ReadSoftwear_Version)
    Protocols_Read_VolCur                    0x08002769   Thumb Code   410  sys_function.o(i.Protocols_Read_VolCur)
    RCC_ADCCLKConfig                         0x08002931   Thumb Code    18  stm32f10x_rcc.o(i.RCC_ADCCLKConfig)
    RCC_AHBPeriphClockCmd                    0x08002949   Thumb Code    26  stm32f10x_rcc.o(i.RCC_AHBPeriphClockCmd)
    RCC_APB1PeriphClockCmd                   0x08002969   Thumb Code    26  stm32f10x_rcc.o(i.RCC_APB1PeriphClockCmd)
    RCC_APB2PeriphClockCmd                   0x08002989   Thumb Code    26  stm32f10x_rcc.o(i.RCC_APB2PeriphClockCmd)
    RCC_APB2PeriphResetCmd                   0x080029a9   Thumb Code    26  stm32f10x_rcc.o(i.RCC_APB2PeriphResetCmd)
    RCC_GetClocksFreq                        0x080029c9   Thumb Code   192  stm32f10x_rcc.o(i.RCC_GetClocksFreq)
    SVC_Handler                              0x08002a9d   Thumb Code     2  stm32f10x_it.o(i.SVC_Handler)
    StartValue_Init                          0x08002b89   Thumb Code    74  sys_function.o(i.StartValue_Init)
    Start_Output                             0x08002be1   Thumb Code   176  sys_function.o(i.Start_Output)
    Stop_Output                              0x08002cb9   Thumb Code   208  sys_function.o(i.Stop_Output)
    SysTick_CLKSourceConfig                  0x08002da9   Thumb Code    40  misc.o(i.SysTick_CLKSourceConfig)
    SysTick_Handler                          0x08002dd1   Thumb Code     2  stm32f10x_it.o(i.SysTick_Handler)
    SystemInit                               0x08002dd5   Thumb Code    78  system_stm32f10x.o(i.SystemInit)
    TIM3_DISABLE                             0x08002e35   Thumb Code    12  sys_timer.o(i.TIM3_DISABLE)
    TIM3_ENABLE                              0x08002e45   Thumb Code    12  sys_timer.o(i.TIM3_ENABLE)
    TIM3_IRQHandler                          0x08002e55   Thumb Code   196  sys_timer.o(i.TIM3_IRQHandler)
    TIM3_Int_Init                            0x08002f41   Thumb Code    88  sys_timer.o(i.TIM3_Int_Init)
    TIM_ClearITPendingBit                    0x08002f9d   Thumb Code     6  stm32f10x_tim.o(i.TIM_ClearITPendingBit)
    TIM_Cmd                                  0x08002fa3   Thumb Code    24  stm32f10x_tim.o(i.TIM_Cmd)
    TIM_GetITStatus                          0x08002fbb   Thumb Code    34  stm32f10x_tim.o(i.TIM_GetITStatus)
    TIM_ITConfig                             0x08002fdd   Thumb Code    18  stm32f10x_tim.o(i.TIM_ITConfig)
    TIM_TimeBaseInit                         0x08002ff1   Thumb Code   122  stm32f10x_tim.o(i.TIM_TimeBaseInit)
    Thermistor_Detection                     0x08003095   Thumb Code    48  sys_function.o(i.Thermistor_Detection)
    USART1_IRQHandler                        0x080030d5   Thumb Code   398  sys_uart.o(i.USART1_IRQHandler)
    USART1_Init_Config                       0x08003281   Thumb Code   152  sys_uart.o(i.USART1_Init_Config)
    USART2_IRQHandler                        0x08003321   Thumb Code    12  sys_uart.o(i.USART2_IRQHandler)
    USART2_Init_Config                       0x08003331   Thumb Code   154  sys_uart.o(i.USART2_Init_Config)
    USART_Cmd                                0x080033d9   Thumb Code    24  stm32f10x_usart.o(i.USART_Cmd)
    USART_GetFlagStatus                      0x080033f1   Thumb Code    26  stm32f10x_usart.o(i.USART_GetFlagStatus)
    USART_ITConfig                           0x0800340b   Thumb Code    74  stm32f10x_usart.o(i.USART_ITConfig)
    USART_Init                               0x08003455   Thumb Code   210  stm32f10x_usart.o(i.USART_Init)
    USART_ReceiveData                        0x0800352d   Thumb Code    10  stm32f10x_usart.o(i.USART_ReceiveData)
    USART_SendData                           0x08003537   Thumb Code     8  stm32f10x_usart.o(i.USART_SendData)
    UsageFault_Handler                       0x0800353f   Thumb Code     4  stm32f10x_it.o(i.UsageFault_Handler)
    _sys_exit                                0x08003543   Thumb Code     6  sys_uart.o(i._sys_exit)
    crc                                      0x08003549   Thumb Code    52  sys_uart.o(i.crc)
    delay_init                               0x0800357d   Thumb Code    50  delay.o(i.delay_init)
    delay_ms                                 0x080035c1   Thumb Code    72  delay.o(i.delay_ms)
    main                                     0x0800360d   Thumb Code   262  main.o(i.main)
    uart1_send_byte                          0x0800372d   Thumb Code    28  sys_uart.o(i.uart1_send_byte)
    __aeabi_d2f                              0x0800374d   Thumb Code     0  d2f.o(x$fpl$d2f)
    _d2f                                     0x0800374d   Thumb Code    98  d2f.o(x$fpl$d2f)
    __fpl_dcmp_Inf                           0x080037af   Thumb Code    24  dcmpi.o(x$fpl$dcmpinf)
    __aeabi_ddiv                             0x080037c9   Thumb Code     0  ddiv.o(x$fpl$ddiv)
    _ddiv                                    0x080037c9   Thumb Code   552  ddiv.o(x$fpl$ddiv)
    __aeabi_d2uiz                            0x08003a79   Thumb Code     0  dfixu.o(x$fpl$dfixu)
    _dfixu                                   0x08003a79   Thumb Code    90  dfixu.o(x$fpl$dfixu)
    __aeabi_i2d                              0x08003ad3   Thumb Code     0  dflt_clz.o(x$fpl$dflt)
    _dflt                                    0x08003ad3   Thumb Code    46  dflt_clz.o(x$fpl$dflt)
    __aeabi_ui2d                             0x08003b01   Thumb Code     0  dflt_clz.o(x$fpl$dfltu)
    _dfltu                                   0x08003b01   Thumb Code    38  dflt_clz.o(x$fpl$dfltu)
    __aeabi_cdcmple                          0x08003b29   Thumb Code     0  dleqf.o(x$fpl$dleqf)
    _dcmple                                  0x08003b29   Thumb Code   120  dleqf.o(x$fpl$dleqf)
    __fpl_dcmple_InfNaN                      0x08003b8b   Thumb Code     0  dleqf.o(x$fpl$dleqf)
    __aeabi_dmul                             0x08003ba1   Thumb Code     0  dmul.o(x$fpl$dmul)
    _dmul                                    0x08003ba1   Thumb Code   332  dmul.o(x$fpl$dmul)
    __fpl_dnaninf                            0x08003cf5   Thumb Code   156  dnaninf.o(x$fpl$dnaninf)
    __fpl_dretinf                            0x08003d91   Thumb Code    12  dretinf.o(x$fpl$dretinf)
    __aeabi_cdrcmple                         0x08003d9d   Thumb Code     0  drleqf.o(x$fpl$drleqf)
    _drcmple                                 0x08003d9d   Thumb Code   108  drleqf.o(x$fpl$drleqf)
    __aeabi_f2d                              0x08003e09   Thumb Code     0  f2d.o(x$fpl$f2d)
    _f2d                                     0x08003e09   Thumb Code    86  f2d.o(x$fpl$f2d)
    __aeabi_fadd                             0x08003e61   Thumb Code     0  faddsub_clz.o(x$fpl$fadd)
    _fadd                                    0x08003e61   Thumb Code   196  faddsub_clz.o(x$fpl$fadd)
    __aeabi_fdiv                             0x08003f25   Thumb Code     0  fdiv.o(x$fpl$fdiv)
    _fdiv                                    0x08003f25   Thumb Code   384  fdiv.o(x$fpl$fdiv)
    __aeabi_f2uiz                            0x080040a9   Thumb Code     0  ffixu.o(x$fpl$ffixu)
    _ffixu                                   0x080040a9   Thumb Code    62  ffixu.o(x$fpl$ffixu)
    __aeabi_ui2f                             0x080040e9   Thumb Code     0  fflt_clz.o(x$fpl$ffltu)
    _ffltu                                   0x080040e9   Thumb Code    38  fflt_clz.o(x$fpl$ffltu)
    __aeabi_fmul                             0x08004111   Thumb Code     0  fmul.o(x$fpl$fmul)
    _fmul                                    0x08004111   Thumb Code   258  fmul.o(x$fpl$fmul)
    __fpl_fnaninf                            0x08004213   Thumb Code   140  fnaninf.o(x$fpl$fnaninf)
    __fpl_fretinf                            0x0800429f   Thumb Code    10  fretinf.o(x$fpl$fretinf)
    __aeabi_frsub                            0x080042a9   Thumb Code     0  faddsub_clz.o(x$fpl$frsb)
    _frsb                                    0x080042a9   Thumb Code    20  faddsub_clz.o(x$fpl$frsb)
    __aeabi_fsub                             0x080042bd   Thumb Code     0  faddsub_clz.o(x$fpl$fsub)
    _fsub                                    0x080042bd   Thumb Code   234  faddsub_clz.o(x$fpl$fsub)
    __I$use$fp                               0x080043a6   Number         0  usenofp.o(x$fpl$usenofp)
    Region$$Table$$Base                      0x080043a8   Number         0  anon$$obj.o(Region$$Table)
    Region$$Table$$Limit                     0x080043c8   Number         0  anon$$obj.o(Region$$Table)
    timer_protect_flag                       0x20000000   Data           1  main.o(.data)
    SystemCoreClock                          0x20000004   Data           4  system_stm32f10x.o(.data)
    AHBPrescTable                            0x20000008   Data          16  system_stm32f10x.o(.data)
    send_value_char_count                    0x20000018   Data           4  sys_function.o(.data)
    recept_data_sure_crc                     0x2000001c   Data           2  sys_function.o(.data)
    light_timer                              0x2000001e   Data           1  sys_function.o(.data)
    led_positive_voltage1                    0x20000020   Data           4  sys_function.o(.data)
    led_positive_voltage2                    0x20000024   Data           4  sys_function.o(.data)
    led_positive_current1                    0x20000028   Data           4  sys_function.o(.data)
    led_positive_current2                    0x2000002c   Data           4  sys_function.o(.data)
    thermistor_value1                        0x20000030   Data           4  sys_function.o(.data)
    thermistor_value2                        0x20000034   Data           4  sys_function.o(.data)
    port_channel_temp1                       0x20000038   Data           1  sys_function.o(.data)
    port_channel_temp2                       0x20000039   Data           1  sys_function.o(.data)
    single_vol_channel_flag                  0x2000003a   Data           1  sys_function.o(.data)
    start_times_flag                         0x2000003b   Data           1  sys_function.o(.data)
    led_protect_flag1                        0x2000003c   Data           1  sys_function.o(.data)
    led_protect_flag2                        0x2000003d   Data           1  sys_function.o(.data)
    single_vol_onoff                         0x2000003e   Data           2  sys_function.o(.data)
    run_parameter                            0x20000040   Data           2  sys_function.o(.data)
    protect_enable                           0x20000042   Data           2  sys_function.o(.data)
    channel_chose_flag1                      0x20000044   Data           1  sys_function.o(.data)
    channel_chose_flag2                      0x20000045   Data           1  sys_function.o(.data)
    fault_code_flag1                         0x20000046   Data           1  sys_function.o(.data)
    fault_code_flag2                         0x20000047   Data           1  sys_function.o(.data)
    count_100ms                              0x20000048   Data           1  sys_timer.o(.data)
    count_200ms                              0x20000049   Data           1  sys_timer.o(.data)
    count_300ms                              0x2000004a   Data           1  sys_timer.o(.data)
    count_400ms                              0x2000004b   Data           1  sys_timer.o(.data)
    count_500ms                              0x2000004c   Data           1  sys_timer.o(.data)
    recept_step                              0x20000050   Data           4  sys_uart.o(.data)
    recept_value_char_count                  0x20000054   Data           4  sys_uart.o(.data)
    recept_data_crc                          0x20000058   Data           4  sys_uart.o(.data)
    temp_recept_data_crc                     0x2000005c   Data           4  sys_uart.o(.data)
    run_flag                                 0x20000060   Data           1  sys_uart.o(.data)
    __stdout                                 0x20000064   Data           4  sys_uart.o(.data)
    recept_data_target                       0x20000080   Data        1100  main.o(.bss)
    senddata_frontpoint                      0x200004cc   Data          12  sys_function.o(.bss)
    led_negative_voltage1                    0x200004d8   Data          32  sys_function.o(.bss)
    led_negative_voltage2                    0x200004f8   Data          32  sys_function.o(.bss)
    led_negative_current1                    0x20000518   Data          32  sys_function.o(.bss)
    led_negative_current2                    0x20000538   Data          32  sys_function.o(.bss)
    set_parameter                            0x20000558   Data          16  sys_function.o(.bss)
    recept_data                              0x200005a4   Data        1100  sys_uart.o(.bss)
    __libspace_start                         0x200009f0   Data          96  libspace.o(.bss)
    __temporary_stack_top$libspace           0x20000a50   Data           0  libspace.o(.bss)



==============================================================================

Memory Map of the image

  Image Entry point : 0x08000131

  Load Region LR_IROM1 (Base: 0x08000000, Size: 0x00004448, Max: 0x00080000, ABSOLUTE)

    Execution Region ER_IROM1 (Base: 0x08000000, Size: 0x000043c8, Max: 0x00080000, ABSOLUTE)

    Base Addr    Size         Type   Attr      Idx    E Section Name        Object

    0x08000000   0x00000130   Data   RO          730    RESET               startup_stm32f10x_hd.o
    0x08000130   0x00000008   Code   RO         3714  * !!!main             c_w.l(__main.o)
    0x08000138   0x00000034   Code   RO         3936    !!!scatter          c_w.l(__scatter.o)
    0x0800016c   0x0000001a   Code   RO         3938    !!handler_copy      c_w.l(__scatter_copy.o)
    0x08000186   0x00000002   PAD
    0x08000188   0x0000001c   Code   RO         3940    !!handler_zi        c_w.l(__scatter_zi.o)
    0x080001a4   0x00000002   Code   RO         3810    .ARM.Collect$$libinit$$00000000  c_w.l(libinit.o)
    0x080001a6   0x00000000   Code   RO         3817    .ARM.Collect$$libinit$$00000002  c_w.l(libinit2.o)
    0x080001a6   0x00000000   Code   RO         3819    .ARM.Collect$$libinit$$00000004  c_w.l(libinit2.o)
    0x080001a6   0x00000000   Code   RO         3822    .ARM.Collect$$libinit$$0000000A  c_w.l(libinit2.o)
    0x080001a6   0x00000000   Code   RO         3824    .ARM.Collect$$libinit$$0000000C  c_w.l(libinit2.o)
    0x080001a6   0x00000000   Code   RO         3826    .ARM.Collect$$libinit$$0000000E  c_w.l(libinit2.o)
    0x080001a6   0x00000000   Code   RO         3829    .ARM.Collect$$libinit$$00000011  c_w.l(libinit2.o)
    0x080001a6   0x00000000   Code   RO         3831    .ARM.Collect$$libinit$$00000013  c_w.l(libinit2.o)
    0x080001a6   0x00000000   Code   RO         3833    .ARM.Collect$$libinit$$00000015  c_w.l(libinit2.o)
    0x080001a6   0x00000000   Code   RO         3835    .ARM.Collect$$libinit$$00000017  c_w.l(libinit2.o)
    0x080001a6   0x00000000   Code   RO         3837    .ARM.Collect$$libinit$$00000019  c_w.l(libinit2.o)
    0x080001a6   0x00000000   Code   RO         3839    .ARM.Collect$$libinit$$0000001B  c_w.l(libinit2.o)
    0x080001a6   0x00000000   Code   RO         3841    .ARM.Collect$$libinit$$0000001D  c_w.l(libinit2.o)
    0x080001a6   0x00000000   Code   RO         3843    .ARM.Collect$$libinit$$0000001F  c_w.l(libinit2.o)
    0x080001a6   0x00000000   Code   RO         3845    .ARM.Collect$$libinit$$00000021  c_w.l(libinit2.o)
    0x080001a6   0x00000000   Code   RO         3847    .ARM.Collect$$libinit$$00000023  c_w.l(libinit2.o)
    0x080001a6   0x00000000   Code   RO         3849    .ARM.Collect$$libinit$$00000025  c_w.l(libinit2.o)
    0x080001a6   0x00000000   Code   RO         3853    .ARM.Collect$$libinit$$0000002C  c_w.l(libinit2.o)
    0x080001a6   0x00000000   Code   RO         3855    .ARM.Collect$$libinit$$0000002E  c_w.l(libinit2.o)
    0x080001a6   0x00000000   Code   RO         3857    .ARM.Collect$$libinit$$00000030  c_w.l(libinit2.o)
    0x080001a6   0x00000000   Code   RO         3859    .ARM.Collect$$libinit$$00000032  c_w.l(libinit2.o)
    0x080001a6   0x00000002   Code   RO         3860    .ARM.Collect$$libinit$$00000033  c_w.l(libinit2.o)
    0x080001a8   0x00000002   Code   RO         3878    .ARM.Collect$$libshutdown$$00000000  c_w.l(libshutdown.o)
    0x080001aa   0x00000000   Code   RO         3888    .ARM.Collect$$libshutdown$$00000002  c_w.l(libshutdown2.o)
    0x080001aa   0x00000000   Code   RO         3890    .ARM.Collect$$libshutdown$$00000004  c_w.l(libshutdown2.o)
    0x080001aa   0x00000000   Code   RO         3893    .ARM.Collect$$libshutdown$$00000007  c_w.l(libshutdown2.o)
    0x080001aa   0x00000000   Code   RO         3896    .ARM.Collect$$libshutdown$$0000000A  c_w.l(libshutdown2.o)
    0x080001aa   0x00000000   Code   RO         3898    .ARM.Collect$$libshutdown$$0000000C  c_w.l(libshutdown2.o)
    0x080001aa   0x00000000   Code   RO         3901    .ARM.Collect$$libshutdown$$0000000F  c_w.l(libshutdown2.o)
    0x080001aa   0x00000002   Code   RO         3902    .ARM.Collect$$libshutdown$$00000010  c_w.l(libshutdown2.o)
    0x080001ac   0x00000000   Code   RO         3762    .ARM.Collect$$rtentry$$00000000  c_w.l(__rtentry.o)
    0x080001ac   0x00000000   Code   RO         3777    .ARM.Collect$$rtentry$$00000002  c_w.l(__rtentry2.o)
    0x080001ac   0x00000006   Code   RO         3789    .ARM.Collect$$rtentry$$00000004  c_w.l(__rtentry4.o)
    0x080001b2   0x00000000   Code   RO         3779    .ARM.Collect$$rtentry$$00000009  c_w.l(__rtentry2.o)
    0x080001b2   0x00000004   Code   RO         3780    .ARM.Collect$$rtentry$$0000000A  c_w.l(__rtentry2.o)
    0x080001b6   0x00000000   Code   RO         3782    .ARM.Collect$$rtentry$$0000000C  c_w.l(__rtentry2.o)
    0x080001b6   0x00000008   Code   RO         3783    .ARM.Collect$$rtentry$$0000000D  c_w.l(__rtentry2.o)
    0x080001be   0x00000002   Code   RO         3814    .ARM.Collect$$rtexit$$00000000  c_w.l(rtexit.o)
    0x080001c0   0x00000000   Code   RO         3862    .ARM.Collect$$rtexit$$00000002  c_w.l(rtexit2.o)
    0x080001c0   0x00000004   Code   RO         3863    .ARM.Collect$$rtexit$$00000003  c_w.l(rtexit2.o)
    0x080001c4   0x00000006   Code   RO         3864    .ARM.Collect$$rtexit$$00000004  c_w.l(rtexit2.o)
    0x080001ca   0x00000002   PAD
    0x080001cc   0x00000040   Code   RO          731    .text               startup_stm32f10x_hd.o
    0x0800020c   0x00000002   Code   RO         3704    .text               c_w.l(use_no_semi_2.o)
    0x0800020e   0x0000004e   Code   RO         3710    .text               c_w.l(rt_memclr_w.o)
    0x0800025c   0x00000006   Code   RO         3712    .text               c_w.l(heapauxi.o)
    0x08000262   0x00000002   Code   RO         3760    .text               c_w.l(use_no_semi.o)
    0x08000264   0x0000004a   Code   RO         3799    .text               c_w.l(sys_stackheap_outer.o)
    0x080002ae   0x00000012   Code   RO         3803    .text               c_w.l(exit.o)
    0x080002c0   0x00000008   Code   RO         3811    .text               c_w.l(libspace.o)
    0x080002c8   0x00000016   Code   RO          777    i.ADC_Cmd           stm32f10x_adc.o
    0x080002de   0x00000016   Code   RO          778    i.ADC_DMACmd        stm32f10x_adc.o
    0x080002f4   0x000001e8   Code   RO          490    i.ADC_DMA_InitConfig  adc.o
    0x080004dc   0x0000005c   Code   RO          779    i.ADC_DeInit        stm32f10x_adc.o
    0x08000538   0x00000014   Code   RO          785    i.ADC_GetCalibrationStatus  stm32f10x_adc.o
    0x0800054c   0x00000014   Code   RO          791    i.ADC_GetResetCalibrationStatus  stm32f10x_adc.o
    0x08000560   0x00000050   Code   RO          795    i.ADC_Init          stm32f10x_adc.o
    0x080005b0   0x000000b8   Code   RO          799    i.ADC_RegularChannelConfig  stm32f10x_adc.o
    0x08000668   0x0000000a   Code   RO          800    i.ADC_ResetCalibration  stm32f10x_adc.o
    0x08000672   0x00000016   Code   RO          802    i.ADC_SoftwareStartConvCmd  stm32f10x_adc.o
    0x08000688   0x0000000a   Code   RO          804    i.ADC_StartCalibration  stm32f10x_adc.o
    0x08000692   0x00000002   PAD
    0x08000694   0x000001e8   Code   RO          492    i.AD_GetData        adc.o
    0x0800087c   0x0000003e   Code   RO          493    i.AcquireAverage_AD  adc.o
    0x080008ba   0x00000086   Code   RO          248    i.Avr_Get           sys_function.o
    0x08000940   0x00000046   Code   RO          249    i.BSP_Init          sys_function.o
    0x08000986   0x00000004   Code   RO          125    i.BusFault_Handler  stm32f10x_it.o
    0x0800098a   0x00000002   PAD
    0x0800098c   0x000000d0   Code   RO          448    i.CD4051_ChannelSet1  74hc595.o
    0x08000a5c   0x000000d0   Code   RO          449    i.CD4051_ChannelSet2  74hc595.o
    0x08000b2c   0x00000054   Code   RO          450    i.CD4051_GPIO_Init  74hc595.o
    0x08000b80   0x00000028   Code   RO         1358    i.DAC_Cmd           stm32f10x_dac.o
    0x08000ba8   0x00000034   Code   RO         1363    i.DAC_Init          stm32f10x_dac.o
    0x08000bdc   0x00000074   Code   RO          537    i.DAC_Init_Config   dac.o
    0x08000c50   0x00000020   Code   RO         1364    i.DAC_SetChannel1Data  stm32f10x_dac.o
    0x08000c70   0x00000020   Code   RO         1365    i.DAC_SetChannel2Data  stm32f10x_dac.o
    0x08000c90   0x00000014   Code   RO          538    i.DAC_Start_Init    dac.o
    0x08000ca4   0x0000007c   Code   RO          539    i.DAC_WriteData     dac.o
    0x08000d20   0x00000018   Code   RO         1462    i.DMA_Cmd           stm32f10x_dma.o
    0x08000d38   0x0000014c   Code   RO         1463    i.DMA_DeInit        stm32f10x_dma.o
    0x08000e84   0x0000003c   Code   RO         1468    i.DMA_Init          stm32f10x_dma.o
    0x08000ec0   0x00000002   Code   RO          126    i.DebugMon_Handler  stm32f10x_it.o
    0x08000ec2   0x00000116   Code   RO         1886    i.GPIO_Init         stm32f10x_gpio.o
    0x08000fd8   0x0000007c   Code   RO          250    i.GPIO_Init_Config  sys_function.o
    0x08001054   0x00000012   Code   RO         1890    i.GPIO_ReadInputDataBit  stm32f10x_gpio.o
    0x08001066   0x00000012   Code   RO         1892    i.GPIO_ReadOutputDataBit  stm32f10x_gpio.o
    0x08001078   0x00000004   Code   RO         1893    i.GPIO_ResetBits    stm32f10x_gpio.o
    0x0800107c   0x00000004   Code   RO         1894    i.GPIO_SetBits      stm32f10x_gpio.o
    0x08001080   0x0000002c   Code   RO          451    i.HC595_GPIO_Init   74hc595.o
    0x080010ac   0x00000060   Code   RO          452    i.HC595_SendCMD1    74hc595.o
    0x0800110c   0x00000060   Code   RO          453    i.HC595_SendCMD2    74hc595.o
    0x0800116c   0x00000004   Code   RO          127    i.HardFault_Handler  stm32f10x_it.o
    0x08001170   0x00000048   Code   RO          251    i.Hot_Plug          sys_function.o
    0x080011b8   0x000000ac   Code   RO          252    i.LED_ChannelDetection  sys_function.o
    0x08001264   0x000001c4   Code   RO          253    i.LED_VoltageCurrentDetection  sys_function.o
    0x08001428   0x00000004   Code   RO          128    i.MemManage_Handler  stm32f10x_it.o
    0x0800142c   0x00000002   Code   RO          129    i.NMI_Handler       stm32f10x_it.o
    0x0800142e   0x00000002   PAD
    0x08001430   0x00000070   Code   RO          735    i.NVIC_Init         misc.o
    0x080014a0   0x00000002   Code   RO          130    i.PendSV_Handler    stm32f10x_it.o
    0x080014a2   0x00000002   PAD
    0x080014a4   0x00000030   Code   RO          254    i.Power_OFF1        sys_function.o
    0x080014d4   0x00000030   Code   RO          255    i.Power_OFF2        sys_function.o
    0x08001504   0x0000004c   Code   RO          256    i.Power_ON1         sys_function.o
    0x08001550   0x0000004c   Code   RO          257    i.Power_ON2         sys_function.o
    0x0800159c   0x0000009c   Code   RO          258    i.Protect_Channel   sys_function.o
    0x08001638   0x0000009c   Code   RO          259    i.Protect_EmptyLoad  sys_function.o
    0x080016d4   0x000000f4   Code   RO          260    i.Protect_NegativeGND_Short  sys_function.o
    0x080017c8   0x000000f0   Code   RO          261    i.Protect_OVP       sys_function.o
    0x080018b8   0x00000138   Code   RO          262    i.Protect_OverPower  sys_function.o
    0x080019f0   0x00000124   Code   RO          263    i.Protect_PIN_Short  sys_function.o
    0x08001b14   0x000000c4   Code   RO          264    i.Protect_PositiveGND_Short  sys_function.o
    0x08001bd8   0x000000f8   Code   RO          265    i.Protect_PositiveNegative_Short  sys_function.o
    0x08001cd0   0x000000ec   Code   RO          266    i.Protect_UVP       sys_function.o
    0x08001dbc   0x00000180   Code   RO          267    i.Protect_VF        sys_function.o
    0x08001f3c   0x00000240   Code   RO          268    i.Protocols_Analysis_1K_Parameter  sys_function.o
    0x0800217c   0x00000188   Code   RO          269    i.Protocols_Change_BacklightCur  sys_function.o
    0x08002304   0x00000220   Code   RO          270    i.Protocols_ON_OFF_Driver  sys_function.o
    0x08002524   0x0000012c   Code   RO          271    i.Protocols_ReadHardware_Version  sys_function.o
    0x08002650   0x00000118   Code   RO          272    i.Protocols_ReadSoftwear_Version  sys_function.o
    0x08002768   0x000001c8   Code   RO          273    i.Protocols_Read_VolCur  sys_function.o
    0x08002930   0x00000018   Code   RO         2300    i.RCC_ADCCLKConfig  stm32f10x_rcc.o
    0x08002948   0x00000020   Code   RO         2301    i.RCC_AHBPeriphClockCmd  stm32f10x_rcc.o
    0x08002968   0x00000020   Code   RO         2302    i.RCC_APB1PeriphClockCmd  stm32f10x_rcc.o
    0x08002988   0x00000020   Code   RO         2304    i.RCC_APB2PeriphClockCmd  stm32f10x_rcc.o
    0x080029a8   0x00000020   Code   RO         2305    i.RCC_APB2PeriphResetCmd  stm32f10x_rcc.o
    0x080029c8   0x000000d4   Code   RO         2312    i.RCC_GetClocksFreq  stm32f10x_rcc.o
    0x08002a9c   0x00000002   Code   RO          131    i.SVC_Handler       stm32f10x_it.o
    0x08002a9e   0x00000008   Code   RO          214    i.SetSysClock       system_stm32f10x.o
    0x08002aa6   0x00000002   PAD
    0x08002aa8   0x000000e0   Code   RO          215    i.SetSysClockTo72   system_stm32f10x.o
    0x08002b88   0x00000058   Code   RO          274    i.StartValue_Init   sys_function.o
    0x08002be0   0x000000d8   Code   RO          275    i.Start_Output      sys_function.o
    0x08002cb8   0x000000f0   Code   RO          276    i.Stop_Output       sys_function.o
    0x08002da8   0x00000028   Code   RO          739    i.SysTick_CLKSourceConfig  misc.o
    0x08002dd0   0x00000002   Code   RO          132    i.SysTick_Handler   stm32f10x_it.o
    0x08002dd2   0x00000002   PAD
    0x08002dd4   0x00000060   Code   RO          217    i.SystemInit        system_stm32f10x.o
    0x08002e34   0x00000010   Code   RO          561    i.TIM3_DISABLE      sys_timer.o
    0x08002e44   0x00000010   Code   RO          562    i.TIM3_ENABLE       sys_timer.o
    0x08002e54   0x000000ec   Code   RO          563    i.TIM3_IRQHandler   sys_timer.o
    0x08002f40   0x0000005c   Code   RO          564    i.TIM3_Int_Init     sys_timer.o
    0x08002f9c   0x00000006   Code   RO         2931    i.TIM_ClearITPendingBit  stm32f10x_tim.o
    0x08002fa2   0x00000018   Code   RO         2936    i.TIM_Cmd           stm32f10x_tim.o
    0x08002fba   0x00000022   Code   RO         2957    i.TIM_GetITStatus   stm32f10x_tim.o
    0x08002fdc   0x00000012   Code   RO         2961    i.TIM_ITConfig      stm32f10x_tim.o
    0x08002fee   0x00000002   PAD
    0x08002ff0   0x000000a4   Code   RO         3007    i.TIM_TimeBaseInit  stm32f10x_tim.o
    0x08003094   0x00000040   Code   RO          277    i.Thermistor_Detection  sys_function.o
    0x080030d4   0x000001ac   Code   RO          595    i.USART1_IRQHandler  sys_uart.o
    0x08003280   0x000000a0   Code   RO          596    i.USART1_Init_Config  sys_uart.o
    0x08003320   0x00000010   Code   RO          597    i.USART2_IRQHandler  sys_uart.o
    0x08003330   0x000000a8   Code   RO          598    i.USART2_Init_Config  sys_uart.o
    0x080033d8   0x00000018   Code   RO         3472    i.USART_Cmd         stm32f10x_usart.o
    0x080033f0   0x0000001a   Code   RO         3475    i.USART_GetFlagStatus  stm32f10x_usart.o
    0x0800340a   0x0000004a   Code   RO         3478    i.USART_ITConfig    stm32f10x_usart.o
    0x08003454   0x000000d8   Code   RO         3479    i.USART_Init        stm32f10x_usart.o
    0x0800352c   0x0000000a   Code   RO         3486    i.USART_ReceiveData  stm32f10x_usart.o
    0x08003536   0x00000008   Code   RO         3489    i.USART_SendData    stm32f10x_usart.o
    0x0800353e   0x00000004   Code   RO          133    i.UsageFault_Handler  stm32f10x_it.o
    0x08003542   0x00000006   Code   RO          599    i._sys_exit         sys_uart.o
    0x08003548   0x00000034   Code   RO          600    i.crc               sys_uart.o
    0x0800357c   0x00000044   Code   RO          658    i.delay_init        delay.o
    0x080035c0   0x0000004c   Code   RO          659    i.delay_ms          delay.o
    0x0800360c   0x00000120   Code   RO            1    i.main              main.o
    0x0800372c   0x00000020   Code   RO          602    i.uart1_send_byte   sys_uart.o
    0x0800374c   0x00000062   Code   RO         3716    x$fpl$d2f           fz_ws.l(d2f.o)
    0x080037ae   0x00000018   Code   RO         3797    x$fpl$dcmpinf       fz_ws.l(dcmpi.o)
    0x080037c6   0x00000002   PAD
    0x080037c8   0x000002b0   Code   RO         3719    x$fpl$ddiv          fz_ws.l(ddiv.o)
    0x08003a78   0x0000005a   Code   RO         3722    x$fpl$dfixu         fz_ws.l(dfixu.o)
    0x08003ad2   0x0000002e   Code   RO         3727    x$fpl$dflt          fz_ws.l(dflt_clz.o)
    0x08003b00   0x00000026   Code   RO         3726    x$fpl$dfltu         fz_ws.l(dflt_clz.o)
    0x08003b26   0x00000002   PAD
    0x08003b28   0x00000078   Code   RO         3765    x$fpl$dleqf         fz_ws.l(dleqf.o)
    0x08003ba0   0x00000154   Code   RO         3732    x$fpl$dmul          fz_ws.l(dmul.o)
    0x08003cf4   0x0000009c   Code   RO         3767    x$fpl$dnaninf       fz_ws.l(dnaninf.o)
    0x08003d90   0x0000000c   Code   RO         3769    x$fpl$dretinf       fz_ws.l(dretinf.o)
    0x08003d9c   0x0000006c   Code   RO         3734    x$fpl$drleqf        fz_ws.l(drleqf.o)
    0x08003e08   0x00000056   Code   RO         3736    x$fpl$f2d           fz_ws.l(f2d.o)
    0x08003e5e   0x00000002   PAD
    0x08003e60   0x000000c4   Code   RO         3738    x$fpl$fadd          fz_ws.l(faddsub_clz.o)
    0x08003f24   0x00000184   Code   RO         3745    x$fpl$fdiv          fz_ws.l(fdiv.o)
    0x080040a8   0x0000003e   Code   RO         3748    x$fpl$ffixu         fz_ws.l(ffixu.o)
    0x080040e6   0x00000002   PAD
    0x080040e8   0x00000026   Code   RO         3752    x$fpl$ffltu         fz_ws.l(fflt_clz.o)
    0x0800410e   0x00000002   PAD
    0x08004110   0x00000102   Code   RO         3758    x$fpl$fmul          fz_ws.l(fmul.o)
    0x08004212   0x0000008c   Code   RO         3771    x$fpl$fnaninf       fz_ws.l(fnaninf.o)
    0x0800429e   0x0000000a   Code   RO         3773    x$fpl$fretinf       fz_ws.l(fretinf.o)
    0x080042a8   0x00000014   Code   RO         3739    x$fpl$frsb          fz_ws.l(faddsub_clz.o)
    0x080042bc   0x000000ea   Code   RO         3740    x$fpl$fsub          fz_ws.l(faddsub_clz.o)
    0x080043a6   0x00000000   Code   RO         3775    x$fpl$usenofp       fz_ws.l(usenofp.o)
    0x080043a6   0x00000002   PAD
    0x080043a8   0x00000020   Data   RO         3934    Region$$Table       anon$$obj.o


    Execution Region RW_IRAM1 (Base: 0x20000000, Size: 0x00001050, Max: 0x00010000, ABSOLUTE)

    Base Addr    Size         Type   Attr      Idx    E Section Name        Object

    0x20000000   0x00000001   Data   RW            3    .data               main.o
    0x20000001   0x00000003   PAD
    0x20000004   0x00000014   Data   RW          218    .data               system_stm32f10x.o
    0x20000018   0x00000030   Data   RW          279    .data               sys_function.o
    0x20000048   0x00000005   Data   RW          565    .data               sys_timer.o
    0x2000004d   0x00000003   PAD
    0x20000050   0x00000018   Data   RW          604    .data               sys_uart.o
    0x20000068   0x00000004   Data   RW          661    .data               delay.o
    0x2000006c   0x00000014   Data   RW         2332    .data               stm32f10x_rcc.o
    0x20000080   0x0000044c   Zero   RW            2    .bss                main.o
    0x200004cc   0x0000009c   Zero   RW          278    .bss                sys_function.o
    0x20000568   0x0000003c   Zero   RW          496    .bss                adc.o
    0x200005a4   0x0000044c   Zero   RW          603    .bss                sys_uart.o
    0x200009f0   0x00000060   Zero   RW         3812    .bss                c_w.l(libspace.o)
    0x20000a50   0x00000200   Zero   RW          729    HEAP                startup_stm32f10x_hd.o
    0x20000c50   0x00000400   Zero   RW          728    STACK               startup_stm32f10x_hd.o


==============================================================================

Image component sizes


      Code (inc. data)   RO Data    RW Data    ZI Data      Debug   Object Name

       736         68          0          0          0       3509   74hc595.o
      1038         76          0          0         60       2930   adc.o
       260         12          0          0          0       1687   dac.o
       144         22          0          4          0       1196   delay.o
       288         26          0          1       1100     281273   main.o
       152         12          0          0          0       1538   misc.o
        64         26        304          0       1536        804   startup_stm32f10x_hd.o
       482         24          0          0          0       7958   stm32f10x_adc.o
       156         24          0          0          0       3001   stm32f10x_dac.o
       416          8          0          0          0       3414   stm32f10x_dma.o
       322          0          0          0          0       4281   stm32f10x_gpio.o
        26          0          0          0          0     206798   stm32f10x_it.o
       364         50          0         20          0       6114   stm32f10x_rcc.o
       246         42          0          0          0       3546   stm32f10x_tim.o
       358          6          0          0          0       5405   stm32f10x_usart.o
         0          0          0          0          0         32   sys.o
      6892        836          0         48        156      22538   sys_function.o
       360         52          0          5          0       2573   sys_timer.o
       862         60          0         24       1100       6670   sys_uart.o
       328         28          0         20          0       2077   system_stm32f10x.o

    ----------------------------------------------------------------------
     13508       1372        336        128       3952     567344   Object Totals
         0          0         32          0          0          0   (incl. Generated)
        14          0          0          6          0          0   (incl. Padding)

    ----------------------------------------------------------------------

      Code (inc. data)   RO Data    RW Data    ZI Data      Debug   Library Member Name

         8          0          0          0          0         68   __main.o
         0          0          0          0          0          0   __rtentry.o
        12          0          0          0          0          0   __rtentry2.o
         6          0          0          0          0          0   __rtentry4.o
        52          8          0          0          0          0   __scatter.o
        26          0          0          0          0          0   __scatter_copy.o
        28          0          0          0          0          0   __scatter_zi.o
        18          0          0          0          0         80   exit.o
         6          0          0          0          0        152   heapauxi.o
         2          0          0          0          0          0   libinit.o
         2          0          0          0          0          0   libinit2.o
         2          0          0          0          0          0   libshutdown.o
         2          0          0          0          0          0   libshutdown2.o
         8          4          0          0         96         68   libspace.o
        78          0          0          0          0         80   rt_memclr_w.o
         2          0          0          0          0          0   rtexit.o
        10          0          0          0          0          0   rtexit2.o
        74          0          0          0          0         80   sys_stackheap_outer.o
         2          0          0          0          0         68   use_no_semi.o
         2          0          0          0          0         68   use_no_semi_2.o
        98          4          0          0          0         92   d2f.o
        24          0          0          0          0         68   dcmpi.o
       688        140          0          0          0        208   ddiv.o
        90          4          0          0          0         92   dfixu.o
        84          0          0          0          0        136   dflt_clz.o
       120          4          0          0          0         92   dleqf.o
       340         12          0          0          0        104   dmul.o
       156          4          0          0          0         92   dnaninf.o
        12          0          0          0          0         68   dretinf.o
       108          0          0          0          0         80   drleqf.o
        86          4          0          0          0         84   f2d.o
       450          8          0          0          0        236   faddsub_clz.o
       388         76          0          0          0         96   fdiv.o
        62          4          0          0          0         84   ffixu.o
        38          0          0          0          0         68   fflt_clz.o
       258          4          0          0          0         84   fmul.o
       140          4          0          0          0         84   fnaninf.o
        10          0          0          0          0         68   fretinf.o
         0          0          0          0          0          0   usenofp.o

    ----------------------------------------------------------------------
      3508        280          0          0         96       2500   Library Totals
        16          0          0          0          0          0   (incl. Padding)

    ----------------------------------------------------------------------

      Code (inc. data)   RO Data    RW Data    ZI Data      Debug   Library Name

       340         12          0          0         96        664   c_w.l
      3152        268          0          0          0       1836   fz_ws.l

    ----------------------------------------------------------------------
      3508        280          0          0         96       2500   Library Totals

    ----------------------------------------------------------------------

==============================================================================


      Code (inc. data)   RO Data    RW Data    ZI Data      Debug   

     17016       1652        336        128       4048     563080   Grand Totals
     17016       1652        336        128       4048     563080   ELF Image Totals
     17016       1652        336        128          0          0   ROM Totals

==============================================================================

    Total RO  Size (Code + RO Data)                17352 (  16.95kB)
    Total RW  Size (RW Data + ZI Data)              4176 (   4.08kB)
    Total ROM Size (Code + RO Data + RW Data)      17480 (  17.07kB)

==============================================================================

